******************************************************************************
                  MSP430 Linker PC v20.2.1                     
******************************************************************************
>> Linked Thu Jul  8 18:00:01 2021

OUTPUT FILE NAME:   <h2neo_monitor.out>
ENTRY POINT SYMBOL: "_c_int00_noargs"  address: 00004456


MEMORY CONFIGURATION

         name            origin    length      used     unused   attr    fill
----------------------  --------  ---------  --------  --------  ----  --------
  SFR                   00000000   00000010  00000000  00000010  RWIX
  PERIPHERALS_8BIT      00000010   000000f0  00000000  000000f0  RWIX
  PERIPHERALS_16BIT     00000100   00000100  00000000  00000100  RWIX
  INFOD                 00001800   00000080  00000000  00000080  RWIX
  INFOC                 00001880   00000080  00000000  00000080  RWIX
  INFOB                 00001900   00000080  00000000  00000080  RWIX
  INFOA                 00001980   00000080  00000000  00000080  RWIX
  USBRAM                00001c00   00000800  00000000  00000800  RWIX
  RAM                   00002400   00002000  00000638  000019c8  RWIX
  FLASH                 00004400   0000bb80  000004a4  0000b6dc  RWIX
  INT00                 0000ff80   00000002  00000000  00000002  RWIX
  INT01                 0000ff82   00000002  00000000  00000002  RWIX
  INT02                 0000ff84   00000002  00000000  00000002  RWIX
  INT03                 0000ff86   00000002  00000000  00000002  RWIX
  INT04                 0000ff88   00000002  00000000  00000002  RWIX
  INT05                 0000ff8a   00000002  00000000  00000002  RWIX
  INT06                 0000ff8c   00000002  00000000  00000002  RWIX
  INT07                 0000ff8e   00000002  00000000  00000002  RWIX
  INT08                 0000ff90   00000002  00000000  00000002  RWIX
  INT09                 0000ff92   00000002  00000000  00000002  RWIX
  INT10                 0000ff94   00000002  00000000  00000002  RWIX
  INT11                 0000ff96   00000002  00000000  00000002  RWIX
  INT12                 0000ff98   00000002  00000000  00000002  RWIX
  INT13                 0000ff9a   00000002  00000000  00000002  RWIX
  INT14                 0000ff9c   00000002  00000000  00000002  RWIX
  INT15                 0000ff9e   00000002  00000000  00000002  RWIX
  INT16                 0000ffa0   00000002  00000000  00000002  RWIX
  INT17                 0000ffa2   00000002  00000000  00000002  RWIX
  INT18                 0000ffa4   00000002  00000000  00000002  RWIX
  INT19                 0000ffa6   00000002  00000000  00000002  RWIX
  INT20                 0000ffa8   00000002  00000000  00000002  RWIX
  INT21                 0000ffaa   00000002  00000000  00000002  RWIX
  INT22                 0000ffac   00000002  00000000  00000002  RWIX
  INT23                 0000ffae   00000002  00000000  00000002  RWIX
  INT24                 0000ffb0   00000002  00000000  00000002  RWIX
  INT25                 0000ffb2   00000002  00000000  00000002  RWIX
  INT26                 0000ffb4   00000002  00000000  00000002  RWIX
  INT27                 0000ffb6   00000002  00000000  00000002  RWIX
  INT28                 0000ffb8   00000002  00000000  00000002  RWIX
  INT29                 0000ffba   00000002  00000000  00000002  RWIX
  INT30                 0000ffbc   00000002  00000000  00000002  RWIX
  INT31                 0000ffbe   00000002  00000000  00000002  RWIX
  INT32                 0000ffc0   00000002  00000000  00000002  RWIX
  INT33                 0000ffc2   00000002  00000000  00000002  RWIX
  INT34                 0000ffc4   00000002  00000000  00000002  RWIX
  INT35                 0000ffc6   00000002  00000000  00000002  RWIX
  INT36                 0000ffc8   00000002  00000000  00000002  RWIX
  INT37                 0000ffca   00000002  00000000  00000002  RWIX
  INT38                 0000ffcc   00000002  00000000  00000002  RWIX
  INT39                 0000ffce   00000002  00000000  00000002  RWIX
  INT40                 0000ffd0   00000002  00000000  00000002  RWIX
  INT41                 0000ffd2   00000002  00000002  00000000  RWIX
  INT42                 0000ffd4   00000002  00000002  00000000  RWIX
  INT43                 0000ffd6   00000002  00000002  00000000  RWIX
  INT44                 0000ffd8   00000002  00000002  00000000  RWIX
  INT45                 0000ffda   00000002  00000002  00000000  RWIX
  INT46                 0000ffdc   00000002  00000002  00000000  RWIX
  INT47                 0000ffde   00000002  00000002  00000000  RWIX
  INT48                 0000ffe0   00000002  00000002  00000000  RWIX
  INT49                 0000ffe2   00000002  00000002  00000000  RWIX
  INT50                 0000ffe4   00000002  00000002  00000000  RWIX
  INT51                 0000ffe6   00000002  00000002  00000000  RWIX
  INT52                 0000ffe8   00000002  00000002  00000000  RWIX
  INT53                 0000ffea   00000002  00000002  00000000  RWIX
  INT54                 0000ffec   00000002  00000002  00000000  RWIX
  INT55                 0000ffee   00000002  00000002  00000000  RWIX
  INT56                 0000fff0   00000002  00000002  00000000  RWIX
  INT57                 0000fff2   00000002  00000002  00000000  RWIX
  INT58                 0000fff4   00000002  00000002  00000000  RWIX
  INT59                 0000fff6   00000002  00000002  00000000  RWIX
  INT60                 0000fff8   00000002  00000002  00000000  RWIX
  INT61                 0000fffa   00000002  00000002  00000000  RWIX
  INT62                 0000fffc   00000002  00000002  00000000  RWIX
  RESET                 0000fffe   00000002  00000002  00000000  RWIX
  FLASH2                00010000   00014400  00006994  0000da6c  RWIX


SECTION ALLOCATION MAP

 output                                  attributes/
section   page    origin      length       input sections
--------  ----  ----------  ----------   ----------------
.data      0    00002400    000001d2     UNINITIALIZED
                  00002400    000000c8     rts430x_lc_rd_eabi.lib : defs.c.obj (.data:_ftable)
                  000024c8    00000078                            : host_device.c.obj (.data:_device)
                  00002540    0000003e     main.obj (.data)
                  0000257e    0000003c     rts430x_lc_rd_eabi.lib : host_device.c.obj (.data:_stream)
                  000025ba    00000004                            : exit_gvars.c.obj (.data:__TI_cleanup_ptr)
                  000025be    00000004                            : exit_gvars.c.obj (.data:__TI_dtors_ptr)
                  000025c2    00000004                            : _lock.c.obj (.data:_lock)
                  000025c6    00000004                            : _lock.c.obj (.data:_unlock)
                  000025ca    00000002                            : defs.c.obj (.data)
                  000025cc    00000002                            : errno.c.obj (.data)
                  000025ce    00000002                            : exit.c.obj (.data)
                  000025d0    00000002                            : memory.c.obj (.data)

.bss       0    000025d2    00000166     UNINITIALIZED
                  000025d2    000000a0     (.common:__TI_tmpnams)
                  00002672    00000028     (.common:avgFilter)
                  0000269a    00000028     (.common:filteredIn)
                  000026c2    00000028     (.common:inSignal)
                  000026ea    00000020     (.common:ticMem)
                  0000270a    00000014     (.common:outSignal)
                  0000271e    00000008     (.common:parmbuf)
                  00002726    00000006     (.common:refRate)
                  0000272c    00000006     (.common:str)
                  00002732    00000004     rts430x_lc_rd_eabi.lib : memory.c.obj (.bss)
                  00002736    00000002     (.common:adcValue)

.sysmem    0    00002738    00000140     UNINITIALIZED
                  00002738    00000008     rts430x_lc_rd_eabi.lib : memory.c.obj (.sysmem)
                  00002740    00000138     --HOLE--

.cio       0    00002878    00000120     UNINITIALIZED
                  00002878    00000120     rts430x_lc_rd_eabi.lib : trgmsg.c.obj (.cio)

.stack     0    00004360    000000a0     UNINITIALIZED
                  00004360    00000004     rts430x_lc_rd_eabi.lib : boot.c.obj (.stack)
                  00004364    0000009c     --HOLE--

.text:_isr 
*          0    00004400    00000098     
                  00004400    00000038     rotary_encoder_w_button.obj (.text:_isr:Port_1)
                  00004438    0000001e     rotary_encoder_w_button.obj (.text:_isr:Port2_ISR)
                  00004456    0000001c     rts430x_lc_rd_eabi.lib : boot.c.obj (.text:_isr:_c_int00_noargs)
                  00004472    00000010     opticalSensor.obj (.text:_isr:ADC12_ISR)
                  00004482    0000000e     stopwatch.obj (.text:_isr:Timer0_A0_ISR)
                  00004490    00000008     rts430x_lc_rd_eabi.lib : isr_trap.asm.obj (.text:_isr:__TI_ISR_TRAP)

.const     0    00004498    00000380     
                  00004498    000001e0     lcd_screen.obj (.const:symbols_table)
                  00004678    00000101     rts430x_lc_rd_eabi.lib : ctype.c.obj (.const:.string:_ctypes_)
                  00004779    00000001     --HOLE-- [fill = 0]
                  0000477a    00000042     main.obj (.const:.string)
                  000047bc    00000026     rts430x_lc_rd_eabi.lib : _printfi.c.obj (.const:.string)
                  000047e2    00000010                            : e_pow.c.obj (.const:bp)
                  000047f2    00000010                            : e_pow.c.obj (.const:dp_h)
                  00004802    00000010                            : e_pow.c.obj (.const:dp_l)
                  00004812    00000006     convertNprint.obj (.const:.string)

.cinit     0    00004818    0000008c     
                  00004818    00000069     (.cinit..data.load) [load image, compression = lzss]
                  00004881    00000001     --HOLE-- [fill = 0]
                  00004882    0000000c     (__TI_handler_table)
                  0000488e    00000006     (.cinit..bss.load) [load image, compression = zero_init]
                  00004894    00000010     (__TI_cinit_table)

.init_array 
*          0    00004400    00000000     UNINITIALIZED

RTC        0    0000ffd2    00000002     
                  0000ffd2    00000002     rts430x_lc_rd_eabi.lib : int41.asm.obj (.int41)

PORT2      0    0000ffd4    00000002     
                  0000ffd4    00000002     rotary_encoder_w_button.obj (.int42)

TIMER2_A1 
*          0    0000ffd6    00000002     
                  0000ffd6    00000002     rts430x_lc_rd_eabi.lib : int43.asm.obj (.int43)

TIMER2_A0 
*          0    0000ffd8    00000002     
                  0000ffd8    00000002     rts430x_lc_rd_eabi.lib : int44.asm.obj (.int44)

USCI_B1    0    0000ffda    00000002     
                  0000ffda    00000002     rts430x_lc_rd_eabi.lib : int45.asm.obj (.int45)

USCI_A1    0    0000ffdc    00000002     
                  0000ffdc    00000002     rts430x_lc_rd_eabi.lib : int46.asm.obj (.int46)

PORT1      0    0000ffde    00000002     
                  0000ffde    00000002     rotary_encoder_w_button.obj (.int47)

TIMER1_A1 
*          0    0000ffe0    00000002     
                  0000ffe0    00000002     rts430x_lc_rd_eabi.lib : int48.asm.obj (.int48)

TIMER1_A0 
*          0    0000ffe2    00000002     
                  0000ffe2    00000002     rts430x_lc_rd_eabi.lib : int49.asm.obj (.int49)

DMA        0    0000ffe4    00000002     
                  0000ffe4    00000002     rts430x_lc_rd_eabi.lib : int50.asm.obj (.int50)

USB_UBM    0    0000ffe6    00000002     
                  0000ffe6    00000002     rts430x_lc_rd_eabi.lib : int51.asm.obj (.int51)

TIMER0_A1 
*          0    0000ffe8    00000002     
                  0000ffe8    00000002     rts430x_lc_rd_eabi.lib : int52.asm.obj (.int52)

TIMER0_A0 
*          0    0000ffea    00000002     
                  0000ffea    00000002     stopwatch.obj (.int53)

ADC12      0    0000ffec    00000002     
                  0000ffec    00000002     opticalSensor.obj (.int54)

USCI_B0    0    0000ffee    00000002     
                  0000ffee    00000002     rts430x_lc_rd_eabi.lib : int55.asm.obj (.int55)

USCI_A0    0    0000fff0    00000002     
                  0000fff0    00000002     rts430x_lc_rd_eabi.lib : int56.asm.obj (.int56)

WDT        0    0000fff2    00000002     
                  0000fff2    00000002     rts430x_lc_rd_eabi.lib : int57.asm.obj (.int57)

TIMER0_B1 
*          0    0000fff4    00000002     
                  0000fff4    00000002     rts430x_lc_rd_eabi.lib : int58.asm.obj (.int58)

TIMER0_B0 
*          0    0000fff6    00000002     
                  0000fff6    00000002     rts430x_lc_rd_eabi.lib : int59.asm.obj (.int59)

COMP_B     0    0000fff8    00000002     
                  0000fff8    00000002     rts430x_lc_rd_eabi.lib : int60.asm.obj (.int60)

UNMI       0    0000fffa    00000002     
                  0000fffa    00000002     rts430x_lc_rd_eabi.lib : int61.asm.obj (.int61)

SYSNMI     0    0000fffc    00000002     
                  0000fffc    00000002     rts430x_lc_rd_eabi.lib : int62.asm.obj (.int62)

.reset     0    0000fffe    00000002     
                  0000fffe    00000002     rts430x_lc_rd_eabi.lib : boot.c.obj (.reset)

.text      0    00010000    00006994     
                  00010000    00001148     rts430x_lc_rd_eabi.lib : e_pow.c.obj (.text:pow)
                  00011148    00000466                            : frcdivd.c.obj (.text:__TI_frcdivd)
                  000115ae    0000039a     main.obj (.text:active_monitor)
                  00011948    0000034e     rts430x_lc_rd_eabi.lib : div64u.c.obj (.text:__mspabi_divull)
                  00011c96    000002e0                            : addd.c.obj (.text:__mspabi_addd)
                  00011f76    000002de                            : e_sqrt.c.obj (.text:sqrt)
                  00012254    000002a6                            : _printfi.c.obj (.text:__TI_printfi)
                  000124fa    00000280                            : frcmpyd.c.obj (.text:__TI_frcmpyd)
                  0001277a    0000027a                            : _printfi.c.obj (.text:_setfield)
                  000129f4    00000268                            : _printfi.c.obj (.text:_pproc_fgea)
                  00012c5c    00000266                            : mpyd.c.obj (.text:__mspabi_mpyd)
                  00012ec2    00000248                            : frcaddd.c.obj (.text:__TI_frcaddd)
                  0001310a    00000224                            : _printfi.c.obj (.text:acvt)
                  0001332e    00000222                            : divd.c.obj (.text:__mspabi_divd)
                  00013550    0000020c                            : _printfi.c.obj (.text:_getarg_diouxp)
                  0001375c    000001e6                            : _printfi.c.obj (.text:ecvt)
                  00013942    000001c8                            : _printfi.c.obj (.text:fcvt)
                  00013b0a    000001a2                            : _printfi.c.obj (.text:_pconv_e)
                  00013cac    00000170                            : _printfi.c.obj (.text:_pconv_a)
                  00013e1c    0000015a                            : s_scalbn.c.obj (.text:scalbn)
                  00013f76    00000148                            : _printfi.c.obj (.text:_pproc_diouxp)
                  000140be    00000146     main.obj (.text:thresholding)
                  00014204    00000132     rts430x_lc_rd_eabi.lib : fs_add.asm.obj (.text)
                  00014336    00000128                            : _printfi.c.obj (.text:_ltostr)
                  0001445e    0000011e                            : memory.c.obj (.text:aligned_alloc)
                  0001457c    000000fc                            : _printfi.c.obj (.text:_pconv_g)
                  00014678    000000f0                            : fputs.c.obj (.text:fputs)
                  00014768    000000ea                            : _printfi.c.obj (.text:_pproc_fwp)
                  00014852    000000e2                            : memory.c.obj (.text:free)
                  00014934    000000de                            : setvbuf.c.obj (.text:setvbuf)
                  00014a12    000000d8                            : cmpd.c.obj (.text:__mspabi_cmpd)
                  00014aea    000000c8                            : _printfi.c.obj (.text:_pproc_wstr)
                  00014bb2    000000b8                            : fs_mpy.asm.obj (.text)
                  00014c6a    000000b2                            : renormd.c.obj (.text:__TI_renormd)
                  00014d1c    000000a8     convertNprint.obj (.text:ftoa)
                  00014dc4    000000a6     rts430x_lc_rd_eabi.lib : _printfi.c.obj (.text:_pproc_str)
                  00014e6a    000000a6                            : s_frexp.c.obj (.text:frexp)
                  00014f10    0000009e                            : fltlid.c.obj (.text:__mspabi_fltlid)
                  00014fae    0000009a                            : hostlseek.c.obj (.text:HOSTlseek)
                  00015048    00000090                            : _printfi.c.obj (.text:_ecpy)
                  000150d8    00000090                            : _printfi.c.obj (.text:_mcpy)
                  00015168    00000090                            : fputc.c.obj (.text:fputc)
                  000151f8    00000090                            : fs_div.asm.obj (.text)
                  00015288    0000008c                            : cvtdf.c.obj (.text:__mspabi_cvtdf)
                  00015314    00000080                            : _ltoa.c.obj (.text:__TI_ltoa)
                  00015394    0000007e                            : _io_perm.c.obj (.text:__TI_wrt_ok)
                  00015412    0000007a     lcd_screen.obj (.text:LCD_Init)
                  0001548c    00000078     rts430x_lc_rd_eabi.lib : _printfi.c.obj (.text:_pconv_f)
                  00015504    00000076                            : copy_decompress_lzss.c.obj (.text:decompress:lzss:__TI_decompress_lzss)
                  0001557a    00000074                            : hostrename.c.obj (.text:HOSTrename)
                  000155ee    00000074                            : fclose.c.obj (.text:__TI_closefile)
                  00015662    00000074                            : memory.c.obj (.text:split)
                  000156d6    00000070                            : hostopen.c.obj (.text:HOSTopen)
                  00015746    00000070     main.obj (.text:main)
                  000157b6    0000006e     convertNprint.obj (.text:intToStr)
                  00015824    0000006c     rts430x_lc_rd_eabi.lib : hostwrite.c.obj (.text:HOSTwrite)
                  00015890    0000006a                            : hostread.c.obj (.text:HOSTread)
                  000158fa    0000006a                            : fseek.c.obj (.text:fseek)
                  00015964    00000068                            : fs_toi.asm.obj (.text)
                  000159cc    00000066                            : fixdli.c.obj (.text:__mspabi_fixdli)
                  00015a32    00000064                            : fflush.c.obj (.text:__TI_doflush)
                  00015a96    00000064                            : cvtfd.c.obj (.text:__mspabi_cvtfd)
                  00015afa    00000062                            : atoi.c.obj (.text:atoi)
                  00015b5c    0000005a                            : close.c.obj (.text:close)
                  00015bb6    0000005a                            : getdevice.c.obj (.text:getdevice)
                  00015c10    00000058     lcd_screen.obj (.text:Clock_Init_1MHz)
                  00015c68    00000058     rts430x_lc_rd_eabi.lib : div32u.asm.obj (.text)
                  00015cc0    00000054                            : autoinit.c.obj (.text:__TI_auto_init_nobinit_nopinit_hold_wdt:__TI_auto_init_nobinit_nopinit_hold_wdt)
                  00015d14    00000050     convertNprint.obj (.text:int2strXX)
                  00015d64    0000004e     rts430x_lc_rd_eabi.lib : hostclose.c.obj (.text:HOSTclose)
                  00015db2    0000004e                            : _printfi.c.obj (.text:_fcpy)
                  00015e00    0000004c     lcd_screen.obj (.text:SPI_Init)
                  00015e4c    0000004c     rts430x_lc_rd_eabi.lib : fs_toul.asm.obj (.text)
                  00015e98    0000004a     opticalSensor.obj (.text:ADC12_0_Init)
                  00015ee2    0000004a     rts430x_lc_rd_eabi.lib : exit.c.obj (.text:exit)
                  00015f2c    0000004a                            : printf.c.obj (.text:printf)
                  00015f76    0000004a                            : fs_cmp.asm.obj (.text)
                  00015fc0    00000048     rotary_encoder_w_button.obj (.text:RotEnc_Init)
                  00016008    00000046     rts430x_lc_rd_eabi.lib : hostunlink.c.obj (.text:HOSTunlink)
                  0001604e    00000046     main.obj (.text:calcMean)
                  00016094    00000044     rts430x_lc_rd_eabi.lib : sprintf.c.obj (.text:sprintf)
                  000160d8    00000040     lcd_screen.obj (.text:printc)
                  00016118    00000040     convertNprint.obj (.text:reverse)
                  00016158    00000040     rts430x_lc_rd_eabi.lib : div32s.asm.obj (.text)
                  00016198    0000003e                            : asr32.asm.obj (.text:l_asr_const)
                  000161d6    0000003e                            : lsl32.asm.obj (.text:l_lsl_const)
                  00016214    0000003e                            : lsr32.asm.obj (.text:l_lsr_const)
                  00016252    0000003e                            : lseek.c.obj (.text:lseek)
                  00016290    0000003c                            : write.c.obj (.text:write)
                  000162cc    0000003a                            : lsl64.c.obj (.text:__mspabi_sllll)
                  00016306    0000003a                            : lsr64.c.obj (.text:__mspabi_srlll)
                  00016340    00000036                            : fopen.c.obj (.text:__TI_cleanup)
                  00016376    00000036                            : trgmsg.c.obj (.text:__TI_writemsg)
                  000163ac    00000036                            : fs_itof.asm.obj (.text)
                  000163e2    00000032                            : trgmsg.c.obj (.text:__TI_readmsg)
                  00016414    00000032                            : subd.c.obj (.text:__mspabi_subd)
                  00016446    00000032                            : fs_ultof.asm.obj (.text)
                  00016478    00000032                            : strncpy.c.obj (.text:strncpy)
                  000164aa    00000030                            : memmov.c.obj (.text:memmove)
                  000164da    00000030     lcd_screen.obj (.text:sendByte)
                  0001650a    00000030     rts430x_lc_rd_eabi.lib : unlink.c.obj (.text:unlink)
                  0001653a    0000002e                            : negd.c.obj (.text:__mspabi_negd)
                  00016568    0000002e                            : s_copysign.c.obj (.text:copysign)
                  00016596    0000002e                            : getdevice.c.obj (.text:finddevice)
                  000165c4    0000002c                            : memory.c.obj (.text:free_list_insert)
                  000165f0    0000002c                            : div16s.asm.obj (.text)
                  0001661c    0000002a     lcd_screen.obj (.text:clearLCD)
                  00016646    0000002a     rts430x_lc_rd_eabi.lib : memory.c.obj (.text:free_list_remove)
                  00016670    00000028                            : fixdi.c.obj (.text:__mspabi_fixdi)
                  00016698    00000026                            : memccpy.c.obj (.text:memccpy)
                  000166be    00000024                            : copy_zero_init.c.obj (.text:decompress:ZI:__TI_zero_init_nomemset:__TI_zero_init_nomemset)
                  000166e2    00000024                            : fs_utof.asm.obj (.text)
                  00016706    00000024                            : mult32_f5hw.asm.obj (.text)
                  0001672a    00000020                            : sprintf.c.obj (.text:_outs)
                  0001674a    0000001e     convertNprint.obj (.text:int2str)
                  00016768    0000001e     rts430x_lc_rd_eabi.lib : strcat.c.obj (.text:strcat)
                  00016786    0000001c     lcd_screen.obj (.text:setCursor)
                  000167a2    0000001c     rts430x_lc_rd_eabi.lib : strchr.c.obj (.text:strchr)
                  000167be    0000001c                            : strcmp.c.obj (.text:strcmp)
                  000167da    00000018                            : mult16_f5hw.asm.obj (.text)
                  000167f2    00000016                            : memory.c.obj (.text:heap_start)
                  00016808    00000016                            : memchr.c.obj (.text:memchr)
                  0001681e    00000016                            : memset.c.obj (.text:memset)
                  00016834    00000016     lcd_screen.obj (.text:prints)
                  0001684a    00000016     rts430x_lc_rd_eabi.lib : div16u.asm.obj (.text)
                  00016860    00000016                            : wcslen.c.obj (.text:wcslen)
                  00016876    00000014                            : sprintf.c.obj (.text:_outc)
                  0001688a    00000014                            : memcpy.c.obj (.text:memcpy)
                  0001689e    00000012     stopwatch.obj (.text:Timer0_A5_Init)
                  000168b0    00000012     rts430x_lc_rd_eabi.lib : copy_decompress_none.c.obj (.text:decompress:none:__TI_decompress_none)
                  000168c2    00000012     stopwatch.obj (.text:startTimer0_A5)
                  000168d4    00000012     rts430x_lc_rd_eabi.lib : strcpy.c.obj (.text:strcpy)
                  000168e6    00000012                            : toupper.c.obj (.text:toupper)
                  000168f8    00000010                            : asr32.asm.obj (.text:l_asr)
                  00016908    00000010                            : lsl32.asm.obj (.text:l_lsl)
                  00016918    00000010                            : lsr32.asm.obj (.text:l_lsr)
                  00016928    00000010     rotary_encoder_w_button.obj (.text:stepCW)
                  00016938    0000000e     rts430x_lc_rd_eabi.lib : strlen.c.obj (.text:strlen)
                  00016946    0000000c                            : fltid.c.obj (.text:__mspabi_fltid)
                  00016952    0000000a                            : abs.c.obj (.text:abs)
                  0001695c    0000000a     rotary_encoder_w_button.obj (.text:stepCCW)
                  00016966    00000008     convertNprint.obj (.text:displayFlowRate)
                  0001696e    00000008     rts430x_lc_rd_eabi.lib : memory.c.obj (.text:malloc)
                  00016976    00000006                            : printf.c.obj (.text:_outc)
                  0001697c    00000006                            : exit.c.obj (.text:abort)
                  00016982    00000006     stopwatch.obj (.text:stopTimer0_A5)
                  00016988    00000004     rts430x_lc_rd_eabi.lib : printf.c.obj (.text:_outs)
                  0001698c    00000004                            : pre_init.c.obj (.text:_system_pre_init)
                  00016990    00000002                            : _lock.c.obj (.text:_nop)
                  00016992    00000002                            : startup.c.obj (.text:_system_post_cinit)

MODULE SUMMARY

       Module                        code    ro data   rw data
       ------                        ----    -------   -------
    .\
       main.obj                      1430    66        248    
       lcd_screen.obj                490     480       0      
       convertNprint.obj             460     6         0      
       rotary_encoder_w_button.obj   184     4         0      
       opticalSensor.obj             90      2         0      
       stopwatch.obj                 56      2         0      
    +--+-----------------------------+-------+---------+---------+
       Total:                        2710    560       248    
                                                              
    C:\ti\ccs1010\ccs\tools\compiler\ti-cgt-msp430_20.2.1.LTS\lib\rts430x_lc_rd_eabi.lib
       _printfi.c.obj                6690    38        0      
       e_pow.c.obj                   4424    48        0      
       frcdivd.c.obj                 1126    0         0      
       div64u.c.obj                  846     0         0      
       memory.c.obj                  744     0         6      
       addd.c.obj                    736     0         0      
       e_sqrt.c.obj                  734     0         0      
       frcmpyd.c.obj                 640     0         0      
       mpyd.c.obj                    614     0         0      
       frcaddd.c.obj                 584     0         0      
       divd.c.obj                    546     0         0      
       trgmsg.c.obj                  104     0         288    
       defs.c.obj                    0       0         362    
       s_scalbn.c.obj                346     0         0      
       fs_add.asm.obj                306     0         0      
       ctype.c.obj                   0       257       0      
       fputs.c.obj                   240     0         0      
       setvbuf.c.obj                 222     0         0      
       cmpd.c.obj                    216     0         0      
       fs_mpy.asm.obj                184     0         0      
       host_device.c.obj             0       0         180    
       renormd.c.obj                 178     0         0      
       s_frexp.c.obj                 166     0         0      
       fltlid.c.obj                  158     0         0      
       hostlseek.c.obj               154     0         0      
       fputc.c.obj                   144     0         0      
       fs_div.asm.obj                144     0         0      
       cvtdf.c.obj                   140     0         0      
       getdevice.c.obj               136     0         0      
       _ltoa.c.obj                   128     0         0      
       _io_perm.c.obj                126     0         0      
       hostopen.c.obj                112     0         8      
       sprintf.c.obj                 120     0         0      
       copy_decompress_lzss.c.obj    118     0         0      
       fclose.c.obj                  116     0         0      
       hostrename.c.obj              116     0         0      
       hostwrite.c.obj               108     0         0      
       fseek.c.obj                   106     0         0      
       hostread.c.obj                106     0         0      
       fs_toi.asm.obj                104     0         0      
       fixdli.c.obj                  102     0         0      
       cvtfd.c.obj                   100     0         0      
       fflush.c.obj                  100     0         0      
       atoi.c.obj                    98      0         0      
       close.c.obj                   90      0         0      
       div32u.asm.obj                88      0         0      
       autoinit.c.obj                84      0         0      
       printf.c.obj                  84      0         0      
       exit.c.obj                    80      0         2      
       asr32.asm.obj                 78      0         0      
       hostclose.c.obj               78      0         0      
       lsl32.asm.obj                 78      0         0      
       lsr32.asm.obj                 78      0         0      
       fs_toul.asm.obj               76      0         0      
       fs_cmp.asm.obj                74      0         0      
       hostunlink.c.obj              70      0         0      
       div32s.asm.obj                64      0         0      
       lseek.c.obj                   62      0         0      
       write.c.obj                   60      0         0      
       lsl64.c.obj                   58      0         0      
       lsr64.c.obj                   58      0         0      
       fopen.c.obj                   54      0         0      
       fs_itof.asm.obj               54      0         0      
       fs_ultof.asm.obj              50      0         0      
       strncpy.c.obj                 50      0         0      
       subd.c.obj                    50      0         0      
       memmov.c.obj                  48      0         0      
       unlink.c.obj                  48      0         0      
       negd.c.obj                    46      0         0      
       s_copysign.c.obj              46      0         0      
       div16s.asm.obj                44      0         0      
       fixdi.c.obj                   40      0         0      
       memccpy.c.obj                 38      0         0      
       copy_zero_init.c.obj          36      0         0      
       fs_utof.asm.obj               36      0         0      
       mult32_f5hw.asm.obj           36      0         0      
       boot.c.obj                    28      2         0      
       strcat.c.obj                  30      0         0      
       strchr.c.obj                  28      0         0      
       strcmp.c.obj                  28      0         0      
       mult16_f5hw.asm.obj           24      0         0      
       div16u.asm.obj                22      0         0      
       memchr.c.obj                  22      0         0      
       memset.c.obj                  22      0         0      
       wcslen.c.obj                  22      0         0      
       memcpy.c.obj                  20      0         0      
       copy_decompress_none.c.obj    18      0         0      
       strcpy.c.obj                  18      0         0      
       toupper.c.obj                 18      0         0      
       strlen.c.obj                  14      0         0      
       fltid.c.obj                   12      0         0      
       _lock.c.obj                   2       0         8      
       abs.c.obj                     10      0         0      
       exit_gvars.c.obj              0       0         8      
       isr_trap.asm.obj              8       0         0      
       pre_init.c.obj                4       0         0      
       errno.c.obj                   0       0         2      
       int41.asm.obj                 0       2         0      
       int43.asm.obj                 0       2         0      
       int44.asm.obj                 0       2         0      
       int45.asm.obj                 0       2         0      
       int46.asm.obj                 0       2         0      
       int48.asm.obj                 0       2         0      
       int49.asm.obj                 0       2         0      
       int50.asm.obj                 0       2         0      
       int51.asm.obj                 0       2         0      
       int52.asm.obj                 0       2         0      
       int55.asm.obj                 0       2         0      
       int56.asm.obj                 0       2         0      
       int57.asm.obj                 0       2         0      
       int58.asm.obj                 0       2         0      
       int59.asm.obj                 0       2         0      
       int60.asm.obj                 0       2         0      
       int61.asm.obj                 0       2         0      
       int62.asm.obj                 0       2         0      
       startup.c.obj                 2       0         0      
    +--+-----------------------------+-------+---------+---------+
       Total:                        24470   381       864    
                                                              
       Heap:                         0       0         320    
       Stack:                        0       0         160    
       Linker Generated:             0       139       0      
    +--+-----------------------------+-------+---------+---------+
       Grand Total:                  27180   1080      1592   


LINKER GENERATED COPY TABLES

__TI_cinit_table @ 00004894 records: 2, size/record: 8, table size: 16
	.data: load addr=00004818, load size=00000069 bytes, run addr=00002400, run size=000001d2 bytes, compression=lzss
	.bss: load addr=0000488e, load size=00000006 bytes, run addr=000025d2, run size=00000166 bytes, compression=zero_init


LINKER GENERATED HANDLER TABLE

__TI_handler_table @ 00004882 records: 3, size/record: 4, table size: 12
	index: 0, handler: __TI_zero_init
	index: 1, handler: __TI_decompress_lzss
	index: 2, handler: __TI_decompress_none


GLOBAL SYMBOLS: SORTED ALPHABETICALLY BY Name 

address   name                                   
-------   ----                                   
00000700  ADC12CTL0                              
00000701  ADC12CTL0_H                            
00000700  ADC12CTL0_L                            
00000702  ADC12CTL1                              
00000703  ADC12CTL1_H                            
00000702  ADC12CTL1_L                            
00000704  ADC12CTL2                              
00000705  ADC12CTL2_H                            
00000704  ADC12CTL2_L                            
0000070c  ADC12IE                                
0000070d  ADC12IE_H                              
0000070c  ADC12IE_L                              
0000070a  ADC12IFG                               
0000070b  ADC12IFG_H                             
0000070a  ADC12IFG_L                             
0000070e  ADC12IV                                
0000070f  ADC12IV_H                              
0000070e  ADC12IV_L                              
00000710  ADC12MCTL0                             
00000711  ADC12MCTL1                             
0000071a  ADC12MCTL10                            
0000071b  ADC12MCTL11                            
0000071c  ADC12MCTL12                            
0000071d  ADC12MCTL13                            
0000071e  ADC12MCTL14                            
0000071f  ADC12MCTL15                            
00000712  ADC12MCTL2                             
00000713  ADC12MCTL3                             
00000714  ADC12MCTL4                             
00000715  ADC12MCTL5                             
00000716  ADC12MCTL6                             
00000717  ADC12MCTL7                             
00000718  ADC12MCTL8                             
00000719  ADC12MCTL9                             
00000720  ADC12MEM0                              
00000721  ADC12MEM0_H                            
00000720  ADC12MEM0_L                            
00000722  ADC12MEM1                              
00000734  ADC12MEM10                             
00000735  ADC12MEM10_H                           
00000734  ADC12MEM10_L                           
00000736  ADC12MEM11                             
00000737  ADC12MEM11_H                           
00000736  ADC12MEM11_L                           
00000738  ADC12MEM12                             
00000739  ADC12MEM12_H                           
00000738  ADC12MEM12_L                           
0000073a  ADC12MEM13                             
0000073b  ADC12MEM13_H                           
0000073a  ADC12MEM13_L                           
0000073c  ADC12MEM14                             
0000073d  ADC12MEM14_H                           
0000073c  ADC12MEM14_L                           
0000073e  ADC12MEM15                             
0000073f  ADC12MEM15_H                           
0000073e  ADC12MEM15_L                           
00000723  ADC12MEM1_H                            
00000722  ADC12MEM1_L                            
00000724  ADC12MEM2                              
00000725  ADC12MEM2_H                            
00000724  ADC12MEM2_L                            
00000726  ADC12MEM3                              
00000727  ADC12MEM3_H                            
00000726  ADC12MEM3_L                            
00000728  ADC12MEM4                              
00000729  ADC12MEM4_H                            
00000728  ADC12MEM4_L                            
0000072a  ADC12MEM5                              
0000072b  ADC12MEM5_H                            
0000072a  ADC12MEM5_L                            
0000072c  ADC12MEM6                              
0000072d  ADC12MEM6_H                            
0000072c  ADC12MEM6_L                            
0000072e  ADC12MEM7                              
0000072f  ADC12MEM7_H                            
0000072e  ADC12MEM7_L                            
00000730  ADC12MEM8                              
00000731  ADC12MEM8_H                            
00000730  ADC12MEM8_L                            
00000732  ADC12MEM9                              
00000733  ADC12MEM9_H                            
00000732  ADC12MEM9_L                            
00015e98  ADC12_0_Init                           
00004472  ADC12_ISR                              
0001697c  C$$EXIT                                
000163a8  C$$IO$$                                
000008c0  CBCTL0                                 
000008c1  CBCTL0_H                               
000008c0  CBCTL0_L                               
000008c2  CBCTL1                                 
000008c3  CBCTL1_H                               
000008c2  CBCTL1_L                               
000008c4  CBCTL2                                 
000008c5  CBCTL2_H                               
000008c4  CBCTL2_L                               
000008c6  CBCTL3                                 
000008c7  CBCTL3_H                               
000008c6  CBCTL3_L                               
000008cc  CBINT                                  
000008cd  CBINT_H                                
000008cc  CBINT_L                                
000008ce  CBIV                                   
00000150  CRCDI                                  
00000152  CRCDIRB                                
00000153  CRCDIRB_H                              
00000152  CRCDIRB_L                              
00000151  CRCDI_H                                
00000150  CRCDI_L                                
00000154  CRCINIRES                              
00000155  CRCINIRES_H                            
00000154  CRCINIRES_L                            
00000156  CRCRESR                                
00000157  CRCRESR_H                              
00000156  CRCRESR_L                              
00015c10  Clock_Init_1MHz                        
00000510  DMA0CTL                                
00000516  DMA0DA                                 
00000518  DMA0DAH                                
00000516  DMA0DAL                                
00000512  DMA0SA                                 
00000514  DMA0SAH                                
00000512  DMA0SAL                                
0000051a  DMA0SZ                                 
00000520  DMA1CTL                                
00000526  DMA1DA                                 
00000528  DMA1DAH                                
00000526  DMA1DAL                                
00000522  DMA1SA                                 
00000524  DMA1SAH                                
00000522  DMA1SAL                                
0000052a  DMA1SZ                                 
00000530  DMA2CTL                                
00000536  DMA2DA                                 
00000538  DMA2DAH                                
00000536  DMA2DAL                                
00000532  DMA2SA                                 
00000534  DMA2SAH                                
00000532  DMA2SAL                                
0000053a  DMA2SZ                                 
00000500  DMACTL0                                
00000502  DMACTL1                                
00000504  DMACTL2                                
00000506  DMACTL3                                
00000508  DMACTL4                                
0000050e  DMAIV                                  
00000140  FCTL1                                  
00000141  FCTL1_H                                
00000140  FCTL1_L                                
00000144  FCTL3                                  
00000145  FCTL3_H                                
00000144  FCTL3_L                                
00000146  FCTL4                                  
00000147  FCTL4_H                                
00000146  FCTL4_L                                
00015d64  HOSTclose                              
00014fae  HOSTlseek                              
000156d6  HOSTopen                               
00015890  HOSTread                               
0001557a  HOSTrename                             
00016008  HOSTunlink                             
00015824  HOSTwrite                              
00015412  LCD_Init                               
000004c4  MAC                                    
000004da  MAC32H                                 
000004db  MAC32H_H                               
000004da  MAC32H_L                               
000004d8  MAC32L                                 
000004d9  MAC32L_H                               
000004d8  MAC32L_L                               
000004c6  MACS                                   
000004de  MACS32H                                
000004df  MACS32H_H                              
000004de  MACS32H_L                              
000004dc  MACS32L                                
000004dd  MACS32L_H                              
000004dc  MACS32L_L                              
000004c7  MACS_H                                 
000004c6  MACS_L                                 
000004c5  MAC_H                                  
000004c4  MAC_L                                  
000004c0  MPY                                    
000004ec  MPY32CTL0                              
000004ed  MPY32CTL0_H                            
000004ec  MPY32CTL0_L                            
000004d2  MPY32H                                 
000004d3  MPY32H_H                               
000004d2  MPY32H_L                               
000004d0  MPY32L                                 
000004d1  MPY32L_H                               
000004d0  MPY32L_L                               
000004c2  MPYS                                   
000004d6  MPYS32H                                
000004d7  MPYS32H_H                              
000004d6  MPYS32H_L                              
000004d4  MPYS32L                                
000004d5  MPYS32L_H                              
000004d4  MPYS32L_L                              
000004c3  MPYS_H                                 
000004c2  MPYS_L                                 
000004c1  MPY_H                                  
000004c0  MPY_L                                  
000004c8  OP2                                    
000004e2  OP2H                                   
000004e3  OP2H_H                                 
000004e2  OP2H_L                                 
000004e0  OP2L                                   
000004e1  OP2L_H                                 
000004e0  OP2L_L                                 
000004c9  OP2_H                                  
000004c8  OP2_L                                  
0000020e  P1IV                                   
0000021e  P2IV                                   
000001e0  P4MAP01                                
000001e1  P4MAP01_H                              
000001e0  P4MAP01_L                              
000001e2  P4MAP23                                
000001e3  P4MAP23_H                              
000001e2  P4MAP23_L                              
000001e4  P4MAP45                                
000001e5  P4MAP45_H                              
000001e4  P4MAP45_L                              
000001e6  P4MAP67                                
000001e7  P4MAP67_H                              
000001e6  P4MAP67_L                              
00000204  PADIR                                  
00000205  PADIR_H                                
00000204  PADIR_L                                
00000208  PADS                                   
00000209  PADS_H                                 
00000208  PADS_L                                 
0000021a  PAIE                                   
00000218  PAIES                                  
00000219  PAIES_H                                
00000218  PAIES_L                                
0000021b  PAIE_H                                 
0000021a  PAIE_L                                 
0000021c  PAIFG                                  
0000021d  PAIFG_H                                
0000021c  PAIFG_L                                
00000200  PAIN                                   
00000201  PAIN_H                                 
00000200  PAIN_L                                 
00000202  PAOUT                                  
00000203  PAOUT_H                                
00000202  PAOUT_L                                
00000206  PAREN                                  
00000207  PAREN_H                                
00000206  PAREN_L                                
0000020a  PASEL                                  
0000020b  PASEL_H                                
0000020a  PASEL_L                                
00000224  PBDIR                                  
00000225  PBDIR_H                                
00000224  PBDIR_L                                
00000228  PBDS                                   
00000229  PBDS_H                                 
00000228  PBDS_L                                 
00000220  PBIN                                   
00000221  PBIN_H                                 
00000220  PBIN_L                                 
00000222  PBOUT                                  
00000223  PBOUT_H                                
00000222  PBOUT_L                                
00000226  PBREN                                  
00000227  PBREN_H                                
00000226  PBREN_L                                
0000022a  PBSEL                                  
0000022b  PBSEL_H                                
0000022a  PBSEL_L                                
00000244  PCDIR                                  
00000245  PCDIR_H                                
00000244  PCDIR_L                                
00000248  PCDS                                   
00000249  PCDS_H                                 
00000248  PCDS_L                                 
00000240  PCIN                                   
00000241  PCIN_H                                 
00000240  PCIN_L                                 
00000242  PCOUT                                  
00000243  PCOUT_H                                
00000242  PCOUT_L                                
00000246  PCREN                                  
00000247  PCREN_H                                
00000246  PCREN_L                                
0000024a  PCSEL                                  
0000024b  PCSEL_H                                
0000024a  PCSEL_L                                
00000264  PDDIR                                  
00000265  PDDIR_H                                
00000264  PDDIR_L                                
00000268  PDDS                                   
00000269  PDDS_H                                 
00000268  PDDS_L                                 
00000260  PDIN                                   
00000261  PDIN_H                                 
00000260  PDIN_L                                 
00000262  PDOUT                                  
00000263  PDOUT_H                                
00000262  PDOUT_L                                
00000266  PDREN                                  
00000267  PDREN_H                                
00000266  PDREN_L                                
0000026a  PDSEL                                  
0000026b  PDSEL_H                                
0000026a  PDSEL_L                                
00000324  PJDIR                                  
00000325  PJDIR_H                                
00000324  PJDIR_L                                
00000328  PJDS                                   
00000329  PJDS_H                                 
00000328  PJDS_L                                 
00000320  PJIN                                   
00000321  PJIN_H                                 
00000320  PJIN_L                                 
00000322  PJOUT                                  
00000323  PJOUT_H                                
00000322  PJOUT_L                                
00000326  PJREN                                  
00000327  PJREN_H                                
00000326  PJREN_L                                
00000130  PM5CTL0                                
00000131  PM5CTL0_H                              
00000130  PM5CTL0_L                              
000001c2  PMAPCTL                                
000001c3  PMAPCTL_H                              
000001c2  PMAPCTL_L                              
000001c0  PMAPKEYID                              
000001c1  PMAPKEYID_H                            
000001c0  PMAPKEYID_L                            
00000120  PMMCTL0                                
00000121  PMMCTL0_H                              
00000120  PMMCTL0_L                              
00000122  PMMCTL1                                
00000123  PMMCTL1_H                              
00000122  PMMCTL1_L                              
0000012c  PMMIFG                                 
0000012d  PMMIFG_H                               
0000012c  PMMIFG_L                               
0000012e  PMMRIE                                 
0000012f  PMMRIE_H                               
0000012e  PMMRIE_L                               
00004438  Port2_ISR                              
00004400  Port_1                                 
00000158  RCCTL0                                 
00000159  RCCTL0_H                               
00000158  RCCTL0_L                               
000001b0  REFCTL0                                
000001b1  REFCTL0_H                              
000001b0  REFCTL0_L                              
000004e4  RES0                                   
000004e5  RES0_H                                 
000004e4  RES0_L                                 
000004e6  RES1                                   
000004e7  RES1_H                                 
000004e6  RES1_L                                 
000004e8  RES2                                   
000004e9  RES2_H                                 
000004e8  RES2_L                                 
000004ea  RES3                                   
000004eb  RES3_H                                 
000004ea  RES3_L                                 
000004cc  RESHI                                  
000004cd  RESHI_H                                
000004cc  RESHI_L                                
000004ca  RESLO                                  
000004cb  RESLO_H                                
000004ca  RESLO_L                                
000004ba  RTCADOWDAY                             
000004bb  RTCADOWDAY_H                           
000004ba  RTCADOWDAY_L                           
000004b8  RTCAMINHR                              
000004b9  RTCAMINHR_H                            
000004b8  RTCAMINHR_L                            
000004a0  RTCCTL01                               
000004a1  RTCCTL01_H                             
000004a0  RTCCTL01_L                             
000004a2  RTCCTL23                               
000004a3  RTCCTL23_H                             
000004a2  RTCCTL23_L                             
000004b4  RTCDATE                                
000004b5  RTCDATE_H                              
000004b4  RTCDATE_L                              
000004ae  RTCIV                                  
000004ac  RTCPS                                  
000004a8  RTCPS0CTL                              
000004a9  RTCPS0CTL_H                            
000004a8  RTCPS0CTL_L                            
000004aa  RTCPS1CTL                              
000004ab  RTCPS1CTL_H                            
000004aa  RTCPS1CTL_L                            
000004ad  RTCPS_H                                
000004ac  RTCPS_L                                
000004b0  RTCTIM0                                
000004b1  RTCTIM0_H                              
000004b0  RTCTIM0_L                              
000004b2  RTCTIM1                                
000004b3  RTCTIM1_H                              
000004b2  RTCTIM1_L                              
000004b6  RTCYEAR                                
000004b7  RTCYEAR_H                              
000004b6  RTCYEAR_L                              
00015fc0  RotEnc_Init                            
00000100  SFRIE1                                 
00000101  SFRIE1_H                               
00000100  SFRIE1_L                               
00000102  SFRIFG1                                
00000103  SFRIFG1_H                              
00000102  SFRIFG1_L                              
00000104  SFRRPCR                                
00000105  SFRRPCR_H                              
00000104  SFRRPCR_L                              
00015e00  SPI_Init                               
000004ce  SUMEXT                                 
000004cf  SUMEXT_H                               
000004ce  SUMEXT_L                               
00000124  SVSMHCTL                               
00000125  SVSMHCTL_H                             
00000124  SVSMHCTL_L                             
00000128  SVSMIO                                 
00000129  SVSMIO_H                               
00000128  SVSMIO_L                               
00000126  SVSMLCTL                               
00000127  SVSMLCTL_H                             
00000126  SVSMLCTL_L                             
00000198  SYSBERRIV                              
00000199  SYSBERRIV_H                            
00000198  SYSBERRIV_L                            
00000182  SYSBSLC                                
00000183  SYSBSLC_H                              
00000182  SYSBSLC_L                              
00000180  SYSCTL                                 
00000181  SYSCTL_H                               
00000180  SYSCTL_L                               
00000186  SYSJMBC                                
00000187  SYSJMBC_H                              
00000186  SYSJMBC_L                              
00000188  SYSJMBI0                               
00000189  SYSJMBI0_H                             
00000188  SYSJMBI0_L                             
0000018a  SYSJMBI1                               
0000018b  SYSJMBI1_H                             
0000018a  SYSJMBI1_L                             
0000018c  SYSJMBO0                               
0000018d  SYSJMBO0_H                             
0000018c  SYSJMBO0_L                             
0000018e  SYSJMBO1                               
0000018f  SYSJMBO1_H                             
0000018e  SYSJMBO1_L                             
0000019e  SYSRSTIV                               
0000019f  SYSRSTIV_H                             
0000019e  SYSRSTIV_L                             
0000019c  SYSSNIV                                
0000019d  SYSSNIV_H                              
0000019c  SYSSNIV_L                              
0000019a  SYSUNIV                                
0000019b  SYSUNIV_H                              
0000019a  SYSUNIV_L                              
00000352  TA0CCR0                                
00000354  TA0CCR1                                
00000356  TA0CCR2                                
00000358  TA0CCR3                                
0000035a  TA0CCR4                                
00000342  TA0CCTL0                               
00000344  TA0CCTL1                               
00000346  TA0CCTL2                               
00000348  TA0CCTL3                               
0000034a  TA0CCTL4                               
00000340  TA0CTL                                 
00000360  TA0EX0                                 
0000036e  TA0IV                                  
00000350  TA0R                                   
00000392  TA1CCR0                                
00000394  TA1CCR1                                
00000396  TA1CCR2                                
00000382  TA1CCTL0                               
00000384  TA1CCTL1                               
00000386  TA1CCTL2                               
00000380  TA1CTL                                 
000003a0  TA1EX0                                 
000003ae  TA1IV                                  
00000390  TA1R                                   
00000412  TA2CCR0                                
00000414  TA2CCR1                                
00000416  TA2CCR2                                
00000402  TA2CCTL0                               
00000404  TA2CCTL1                               
00000406  TA2CCTL2                               
00000400  TA2CTL                                 
00000420  TA2EX0                                 
0000042e  TA2IV                                  
00000410  TA2R                                   
000003d2  TB0CCR0                                
000003d4  TB0CCR1                                
000003d6  TB0CCR2                                
000003d8  TB0CCR3                                
000003da  TB0CCR4                                
000003dc  TB0CCR5                                
000003de  TB0CCR6                                
000003c2  TB0CCTL0                               
000003c4  TB0CCTL1                               
000003c6  TB0CCTL2                               
000003c8  TB0CCTL3                               
000003ca  TB0CCTL4                               
000003cc  TB0CCTL5                               
000003ce  TB0CCTL6                               
000003c0  TB0CTL                                 
000003e0  TB0EX0                                 
000003ee  TB0IV                                  
000003d0  TB0R                                   
00004482  Timer0_A0_ISR                          
0001689e  Timer0_A5_Init                         
000005d0  UCA0ABCTL                              
000005c6  UCA0BRW                                
000005c7  UCA0BRW_H                              
000005c6  UCA0BRW_L                              
000005c0  UCA0CTLW0                              
000005c1  UCA0CTLW0_H                            
000005c0  UCA0CTLW0_L                            
000005dc  UCA0ICTL                               
000005dd  UCA0ICTL_H                             
000005dc  UCA0ICTL_L                             
000005d2  UCA0IRCTL                              
000005d3  UCA0IRCTL_H                            
000005d2  UCA0IRCTL_L                            
000005de  UCA0IV                                 
000005c8  UCA0MCTL                               
000005cc  UCA0RXBUF                              
000005ca  UCA0STAT                               
000005ce  UCA0TXBUF                              
00000610  UCA1ABCTL                              
00000606  UCA1BRW                                
00000607  UCA1BRW_H                              
00000606  UCA1BRW_L                              
00000600  UCA1CTLW0                              
00000601  UCA1CTLW0_H                            
00000600  UCA1CTLW0_L                            
0000061c  UCA1ICTL                               
0000061d  UCA1ICTL_H                             
0000061c  UCA1ICTL_L                             
00000612  UCA1IRCTL                              
00000613  UCA1IRCTL_H                            
00000612  UCA1IRCTL_L                            
0000061e  UCA1IV                                 
00000608  UCA1MCTL                               
0000060c  UCA1RXBUF                              
0000060a  UCA1STAT                               
0000060e  UCA1TXBUF                              
000005e6  UCB0BRW                                
000005e7  UCB0BRW_H                              
000005e6  UCB0BRW_L                              
000005e0  UCB0CTLW0                              
000005e1  UCB0CTLW0_H                            
000005e0  UCB0CTLW0_L                            
000005f0  UCB0I2COA                              
000005f1  UCB0I2COA_H                            
000005f0  UCB0I2COA_L                            
000005f2  UCB0I2CSA                              
000005f3  UCB0I2CSA_H                            
000005f2  UCB0I2CSA_L                            
000005fc  UCB0ICTL                               
000005fd  UCB0ICTL_H                             
000005fc  UCB0ICTL_L                             
000005fe  UCB0IV                                 
000005ec  UCB0RXBUF                              
000005ea  UCB0STAT                               
000005ee  UCB0TXBUF                              
00000626  UCB1BRW                                
00000627  UCB1BRW_H                              
00000626  UCB1BRW_L                              
00000620  UCB1CTLW0                              
00000621  UCB1CTLW0_H                            
00000620  UCB1CTLW0_L                            
00000630  UCB1I2COA                              
00000631  UCB1I2COA_H                            
00000630  UCB1I2COA_L                            
00000632  UCB1I2CSA                              
00000633  UCB1I2CSA_H                            
00000632  UCB1I2CSA_L                            
0000063c  UCB1ICTL                               
0000063d  UCB1ICTL_H                             
0000063c  UCB1ICTL_L                             
0000063e  UCB1IV                                 
0000062c  UCB1RXBUF                              
0000062a  UCB1STAT                               
0000062e  UCB1TXBUF                              
00000160  UCSCTL0                                
00000161  UCSCTL0_H                              
00000160  UCSCTL0_L                              
00000162  UCSCTL1                                
00000163  UCSCTL1_H                              
00000162  UCSCTL1_L                              
00000164  UCSCTL2                                
00000165  UCSCTL2_H                              
00000164  UCSCTL2_L                              
00000166  UCSCTL3                                
00000167  UCSCTL3_H                              
00000166  UCSCTL3_L                              
00000168  UCSCTL4                                
00000169  UCSCTL4_H                              
00000168  UCSCTL4_L                              
0000016a  UCSCTL5                                
0000016b  UCSCTL5_H                              
0000016a  UCSCTL5_L                              
0000016c  UCSCTL6                                
0000016d  UCSCTL6_H                              
0000016c  UCSCTL6_L                              
0000016e  UCSCTL7                                
0000016f  UCSCTL7_H                              
0000016e  UCSCTL7_L                              
00000170  UCSCTL8                                
00000171  UCSCTL8_H                              
00000170  UCSCTL8_L                              
00000902  USBCNF                                 
00000903  USBCNF_H                               
00000902  USBCNF_L                               
0000093c  USBCTL                                 
0000093a  USBFN                                  
0000093b  USBFN_H                                
0000093a  USBFN_L                                
0000093f  USBFUNADR                              
0000093d  USBIE                                  
00002378  USBIEP0BUF                             
000023c9  USBIEPBBAX_1                           
000023d1  USBIEPBBAX_2                           
000023d9  USBIEPBBAX_3                           
000023e1  USBIEPBBAX_4                           
000023e9  USBIEPBBAX_5                           
000023f1  USBIEPBBAX_6                           
000023f9  USBIEPBBAX_7                           
000023cd  USBIEPBBAY_1                           
000023d5  USBIEPBBAY_2                           
000023dd  USBIEPBBAY_3                           
000023e5  USBIEPBBAY_4                           
000023ed  USBIEPBBAY_5                           
000023f5  USBIEPBBAY_6                           
000023fd  USBIEPBBAY_7                           
000023ca  USBIEPBCTX_1                           
000023d2  USBIEPBCTX_2                           
000023da  USBIEPBCTX_3                           
000023e2  USBIEPBCTX_4                           
000023ea  USBIEPBCTX_5                           
000023f2  USBIEPBCTX_6                           
000023fa  USBIEPBCTX_7                           
000023ce  USBIEPBCTY_1                           
000023d6  USBIEPBCTY_2                           
000023de  USBIEPBCTY_3                           
000023e6  USBIEPBCTY_4                           
000023ee  USBIEPBCTY_5                           
000023f6  USBIEPBCTY_6                           
000023fe  USBIEPBCTY_7                           
00000920  USBIEPCNF_0                            
000023c8  USBIEPCNF_1                            
000023d0  USBIEPCNF_2                            
000023d8  USBIEPCNF_3                            
000023e0  USBIEPCNF_4                            
000023e8  USBIEPCNF_5                            
000023f0  USBIEPCNF_6                            
000023f8  USBIEPCNF_7                            
00000921  USBIEPCNT_0                            
0000092e  USBIEPIE                               
00000930  USBIEPIFG                              
000023cf  USBIEPSIZXY_1                          
000023d7  USBIEPSIZXY_2                          
000023df  USBIEPSIZXY_3                          
000023e7  USBIEPSIZXY_4                          
000023ef  USBIEPSIZXY_5                          
000023f7  USBIEPSIZXY_6                          
000023ff  USBIEPSIZXY_7                          
0000093e  USBIFG                                 
00000900  USBKEYID                               
00000901  USBKEYID_H                             
00000900  USBKEYID_L                             
00000936  USBMAINT                               
00000937  USBMAINT_H                             
00000936  USBMAINT_L                             
00002370  USBOEP0BUF                             
00002389  USBOEPBBAX_1                           
00002391  USBOEPBBAX_2                           
00002399  USBOEPBBAX_3                           
000023a1  USBOEPBBAX_4                           
000023a9  USBOEPBBAX_5                           
000023b1  USBOEPBBAX_6                           
000023b9  USBOEPBBAX_7                           
0000238d  USBOEPBBAY_1                           
00002395  USBOEPBBAY_2                           
0000239d  USBOEPBBAY_3                           
000023a5  USBOEPBBAY_4                           
000023ad  USBOEPBBAY_5                           
000023b5  USBOEPBBAY_6                           
000023bd  USBOEPBBAY_7                           
0000238a  USBOEPBCTX_1                           
00002392  USBOEPBCTX_2                           
0000239a  USBOEPBCTX_3                           
000023a2  USBOEPBCTX_4                           
000023aa  USBOEPBCTX_5                           
000023b2  USBOEPBCTX_6                           
000023ba  USBOEPBCTX_7                           
0000238e  USBOEPBCTY_1                           
00002396  USBOEPBCTY_2                           
0000239e  USBOEPBCTY_3                           
000023a6  USBOEPBCTY_4                           
000023ae  USBOEPBCTY_5                           
000023b6  USBOEPBCTY_6                           
000023be  USBOEPBCTY_7                           
00000922  USBOEPCNF_0                            
00002388  USBOEPCNF_1                            
00002390  USBOEPCNF_2                            
00002398  USBOEPCNF_3                            
000023a0  USBOEPCNF_4                            
000023a8  USBOEPCNF_5                            
000023b0  USBOEPCNF_6                            
000023b8  USBOEPCNF_7                            
00000923  USBOEPCNT_0                            
0000092f  USBOEPIE                               
00000931  USBOEPIFG                              
0000238f  USBOEPSIZXY_1                          
00002397  USBOEPSIZXY_2                          
0000239f  USBOEPSIZXY_3                          
000023a7  USBOEPSIZXY_4                          
000023af  USBOEPSIZXY_5                          
000023b7  USBOEPSIZXY_6                          
000023bf  USBOEPSIZXY_7                          
00000904  USBPHYCTL                              
00000905  USBPHYCTL_H                            
00000904  USBPHYCTL_L                            
00000910  USBPLLCTL                              
00000911  USBPLLCTL_H                            
00000910  USBPLLCTL_L                            
00000912  USBPLLDIVB                             
00000913  USBPLLDIVB_H                           
00000912  USBPLLDIVB_L                           
00000914  USBPLLIR                               
00000915  USBPLLIR_H                             
00000914  USBPLLIR_L                             
00000908  USBPWRCTL                              
00000909  USBPWRCTL_H                            
00000908  USBPWRCTL_L                            
00001c00  USBSTABUFF                             
00002380  USBSUBLK                               
0000236f  USBTOPBUFF                             
00000938  USBTSREG                               
00000939  USBTSREG_H                             
00000938  USBTSREG_L                             
00000932  USBVECINT                              
00000933  USBVECINT_H                            
00000932  USBVECINT_L                            
0000015c  WDTCTL                                 
0000015d  WDTCTL_H                               
0000015c  WDTCTL_L                               
00002878  _CIOBUF_                               
00004400  __STACK_END                            
000000a0  __STACK_SIZE                           
00000140  __SYSMEM_SIZE                          
00004894  __TI_CINIT_Base                        
000048a4  __TI_CINIT_Limit                       
00004882  __TI_Handler_Table_Base                
0000488e  __TI_Handler_Table_Limit               
00004490  __TI_ISR_TRAP                          
00015cc0  __TI_auto_init_nobinit_nopinit_hold_wdt
00016340  __TI_cleanup                           
000025ba  __TI_cleanup_ptr                       
000155ee  __TI_closefile                         
00015504  __TI_decompress_lzss                   
000168b0  __TI_decompress_none                   
00015a32  __TI_doflush                           
000025be  __TI_dtors_ptr                         
000025ce  __TI_enable_exit_profile_output        
00012ec2  __TI_frcaddd                           
00011148  __TI_frcdivd                           
000124fa  __TI_frcmpyd                           
000025ca  __TI_ft_end                            
0000ffd2  __TI_int41                             
0000ffd4  __TI_int42                             
0000ffd6  __TI_int43                             
0000ffd8  __TI_int44                             
0000ffda  __TI_int45                             
0000ffdc  __TI_int46                             
0000ffde  __TI_int47                             
0000ffe0  __TI_int48                             
0000ffe2  __TI_int49                             
0000ffe4  __TI_int50                             
0000ffe6  __TI_int51                             
0000ffe8  __TI_int52                             
0000ffea  __TI_int53                             
0000ffec  __TI_int54                             
0000ffee  __TI_int55                             
0000fff0  __TI_int56                             
0000fff2  __TI_int57                             
0000fff4  __TI_int58                             
0000fff6  __TI_int59                             
0000fff8  __TI_int60                             
0000fffa  __TI_int61                             
0000fffc  __TI_int62                             
00015314  __TI_ltoa                              
ffffffff  __TI_pprof_out_hndl                    
00012254  __TI_printfi                           
ffffffff  __TI_prof_data_size                    
ffffffff  __TI_prof_data_start                   
000163e2  __TI_readmsg                           
00014c6a  __TI_renormd                           
000025d2  __TI_tmpnams                           
00016376  __TI_writemsg                          
00015394  __TI_wrt_ok                            
000166be  __TI_zero_init_nomemset                
ffffffff  __c_args__                             
00011c96  __mspabi_addd                          
0001420a  __mspabi_addf                          
00014a12  __mspabi_cmpd                          
00015f76  __mspabi_cmpf                          
00015288  __mspabi_cvtdf                         
00015a96  __mspabi_cvtfd                         
0001332e  __mspabi_divd                          
000151f8  __mspabi_divf                          
000165f0  __mspabi_divi                          
00016158  __mspabi_divli                         
0001684a  __mspabi_divu                          
00015c68  __mspabi_divul                         
00011948  __mspabi_divull                        
00016670  __mspabi_fixdi                         
000159cc  __mspabi_fixdli                        
00015964  __mspabi_fixfi                         
00015e4c  __mspabi_fixful                        
00016946  __mspabi_fltid                         
000163ac  __mspabi_fltif                         
00014f10  __mspabi_fltlid                        
000166e2  __mspabi_fltuf                         
00016446  __mspabi_fltulf                        
00012c5c  __mspabi_mpyd                          
00014bb2  __mspabi_mpyf                          
000167da  __mspabi_mpyi_f5hw                     
00016706  __mspabi_mpyl_f5hw                     
0001653a  __mspabi_negd                          
000165f0  __mspabi_remi                          
00016158  __mspabi_remli                         
0001684a  __mspabi_remu                          
00015c68  __mspabi_remul                         
00016908  __mspabi_slll                          
0001620e  __mspabi_slll_1                        
000161ea  __mspabi_slll_10                       
000161e6  __mspabi_slll_11                       
000161e2  __mspabi_slll_12                       
000161de  __mspabi_slll_13                       
000161da  __mspabi_slll_14                       
000161d6  __mspabi_slll_15                       
0001620a  __mspabi_slll_2                        
00016206  __mspabi_slll_3                        
00016202  __mspabi_slll_4                        
000161fe  __mspabi_slll_5                        
000161fa  __mspabi_slll_6                        
000161f6  __mspabi_slll_7                        
000161f2  __mspabi_slll_8                        
000161ee  __mspabi_slll_9                        
000162cc  __mspabi_sllll                         
[...]
00000905  USBPHYCTL_H                            
00000908  USBPWRCTL                              
00000908  USBPWRCTL_L                            
00000909  USBPWRCTL_H                            
00000910  USBPLLCTL                              
00000910  USBPLLCTL_L                            
00000911  USBPLLCTL_H                            
00000912  USBPLLDIVB                             
00000912  USBPLLDIVB_L                           
00000913  USBPLLDIVB_H                           
00000914  USBPLLIR                               
00000914  USBPLLIR_L                             
00000915  USBPLLIR_H                             
00000920  USBIEPCNF_0                            
00000921  USBIEPCNT_0                            
00000922  USBOEPCNF_0                            
00000923  USBOEPCNT_0                            
0000092e  USBIEPIE                               
0000092f  USBOEPIE                               
00000930  USBIEPIFG                              
00000931  USBOEPIFG                              
00000932  USBVECINT                              
00000932  USBVECINT_L                            
00000933  USBVECINT_H                            
00000936  USBMAINT                               
00000936  USBMAINT_L                             
00000937  USBMAINT_H                             
00000938  USBTSREG                               
00000938  USBTSREG_L                             
00000939  USBTSREG_H                             
0000093a  USBFN                                  
0000093a  USBFN_L                                
0000093b  USBFN_H                                
0000093c  USBCTL                                 
0000093d  USBIE                                  
0000093e  USBIFG                                 
0000093f  USBFUNADR                              
00001c00  USBSTABUFF                             
0000236f  USBTOPBUFF                             
00002370  USBOEP0BUF                             
00002378  USBIEP0BUF                             
00002380  USBSUBLK                               
00002388  USBOEPCNF_1                            
00002389  USBOEPBBAX_1                           
0000238a  USBOEPBCTX_1                           
0000238d  USBOEPBBAY_1                           
0000238e  USBOEPBCTY_1                           
0000238f  USBOEPSIZXY_1                          
00002390  USBOEPCNF_2                            
00002391  USBOEPBBAX_2                           
00002392  USBOEPBCTX_2                           
00002395  USBOEPBBAY_2                           
00002396  USBOEPBCTY_2                           
00002397  USBOEPSIZXY_2                          
00002398  USBOEPCNF_3                            
00002399  USBOEPBBAX_3                           
0000239a  USBOEPBCTX_3                           
0000239d  USBOEPBBAY_3                           
0000239e  USBOEPBCTY_3                           
0000239f  USBOEPSIZXY_3                          
000023a0  USBOEPCNF_4                            
000023a1  USBOEPBBAX_4                           
000023a2  USBOEPBCTX_4                           
000023a5  USBOEPBBAY_4                           
000023a6  USBOEPBCTY_4                           
000023a7  USBOEPSIZXY_4                          
000023a8  USBOEPCNF_5                            
000023a9  USBOEPBBAX_5                           
000023aa  USBOEPBCTX_5                           
000023ad  USBOEPBBAY_5                           
000023ae  USBOEPBCTY_5                           
000023af  USBOEPSIZXY_5                          
000023b0  USBOEPCNF_6                            
000023b1  USBOEPBBAX_6                           
000023b2  USBOEPBCTX_6                           
000023b5  USBOEPBBAY_6                           
000023b6  USBOEPBCTY_6                           
000023b7  USBOEPSIZXY_6                          
000023b8  USBOEPCNF_7                            
000023b9  USBOEPBBAX_7                           
000023ba  USBOEPBCTX_7                           
000023bd  USBOEPBBAY_7                           
000023be  USBOEPBCTY_7                           
000023bf  USBOEPSIZXY_7                          
000023c8  USBIEPCNF_1                            
000023c9  USBIEPBBAX_1                           
000023ca  USBIEPBCTX_1                           
000023cd  USBIEPBBAY_1                           
000023ce  USBIEPBCTY_1                           
000023cf  USBIEPSIZXY_1                          
000023d0  USBIEPCNF_2                            
000023d1  USBIEPBBAX_2                           
000023d2  USBIEPBCTX_2                           
000023d5  USBIEPBBAY_2                           
000023d6  USBIEPBCTY_2                           
000023d7  USBIEPSIZXY_2                          
000023d8  USBIEPCNF_3                            
000023d9  USBIEPBBAX_3                           
000023da  USBIEPBCTX_3                           
000023dd  USBIEPBBAY_3                           
000023de  USBIEPBCTY_3                           
000023df  USBIEPSIZXY_3                          
000023e0  USBIEPCNF_4                            
000023e1  USBIEPBBAX_4                           
000023e2  USBIEPBCTX_4                           
000023e5  USBIEPBBAY_4                           
000023e6  USBIEPBCTY_4                           
000023e7  USBIEPSIZXY_4                          
000023e8  USBIEPCNF_5                            
000023e9  USBIEPBBAX_5                           
000023ea  USBIEPBCTX_5                           
000023ed  USBIEPBBAY_5                           
000023ee  USBIEPBCTY_5                           
000023ef  USBIEPSIZXY_5                          
000023f0  USBIEPCNF_6                            
000023f1  USBIEPBBAX_6                           
000023f2  USBIEPBCTX_6                           
000023f5  USBIEPBBAY_6                           
000023f6  USBIEPBCTY_6                           
000023f7  USBIEPSIZXY_6                          
000023f8  USBIEPCNF_7                            
000023f9  USBIEPBBAX_7                           
000023fa  USBIEPBCTX_7                           
000023fd  USBIEPBBAY_7                           
000023fe  USBIEPBCTY_7                           
000023ff  USBIEPSIZXY_7                          
00002400  _ftable                                
000024c8  _device                                
00002540  dropStopwatch                          
00002542  tic                                    
00002546  msec                                   
00002548  sec                                    
0000254a  min                                    
0000254c  oMsec                                  
0000254e  oSec                                   
00002550  oMin                                   
00002552  dropFLG                                
00002554  index                                  
00002556  flowRate                               
0000255a  oldRate                                
0000255e  isPrompting                            
0000255f  alarmTriggered                         
00002560  desiredRate                            
00002562  rotKnobIFG                             
00002563  rotButIFG                              
00002564  s2IFG                                  
00002566  i                                      
00002568  yCursor                                
0000256a  pos                                    
0000256c  lag                                    
0000256e  threshold                              
00002572  influence                              
00002576  trigger                                
00002578  peaks                                  
0000257a  ticMem_isFull                          
0000257c  numDrops                               
0000257e  _stream                                
000025ba  __TI_cleanup_ptr                       
000025be  __TI_dtors_ptr                         
000025c2  _lock                                  
000025c6  _unlock                                
000025ca  __TI_ft_end                            
000025cc  errno                                  
000025ce  __TI_enable_exit_profile_output        
000025d2  __TI_tmpnams                           
00002672  avgFilter                              
0000269a  filteredIn                             
000026c2  inSignal                               
000026ea  ticMem                                 
0000270a  outSignal                              
0000271e  parmbuf                                
00002726  refRate                                
0000272c  str                                    
00002736  adcValue                               
00002738  _sys_memory                            
00002878  _CIOBUF_                               
00004360  _stack                                 
00004400  Port_1                                 
00004400  __STACK_END                            
00004438  Port2_ISR                              
00004456  _c_int00_noargs                        
00004472  ADC12_ISR                              
00004482  Timer0_A0_ISR                          
00004490  __TI_ISR_TRAP                          
00004678  _ctypes_                               
00004882  __TI_Handler_Table_Base                
0000488e  __TI_Handler_Table_Limit               
00004894  __TI_CINIT_Base                        
000048a4  __TI_CINIT_Limit                       
0000ffd2  __TI_int41                             
0000ffd4  __TI_int42                             
0000ffd6  __TI_int43                             
0000ffd8  __TI_int44                             
0000ffda  __TI_int45                             
0000ffdc  __TI_int46                             
0000ffde  __TI_int47                             
0000ffe0  __TI_int48                             
0000ffe2  __TI_int49                             
0000ffe4  __TI_int50                             
0000ffe6  __TI_int51                             
0000ffe8  __TI_int52                             
0000ffea  __TI_int53                             
0000ffec  __TI_int54                             
0000ffee  __TI_int55                             
0000fff0  __TI_int56                             
0000fff2  __TI_int57                             
0000fff4  __TI_int58                             
0000fff6  __TI_int59                             
0000fff8  __TI_int60                             
0000fffa  __TI_int61                             
0000fffc  __TI_int62                             
0000fffe  _reset_vector                          
00010000  pow                                    
00010000  powl                                   
00011148  __TI_frcdivd                           
000115ae  active_monitor                         
00011948  __mspabi_divull                        
00011c96  __mspabi_addd                          
00011f76  sqrt                                   
00011f76  sqrtl                                  
00012254  __TI_printfi                           
000124fa  __TI_frcmpyd                           
00012c5c  __mspabi_mpyd                          
00012ec2  __TI_frcaddd                           
0001332e  __mspabi_divd                          
00013e1c  ldexp                                  
00013e1c  ldexpl                                 
00013e1c  scalbn                                 
00013e1c  scalbnl                                
000140be  thresholding                           
00014204  __mspabi_subf                          
0001420a  __mspabi_addf                          
0001445e  aligned_alloc                          
0001445e  memalign                               
00014678  fputs                                  
00014852  free                                   
00014934  setvbuf                                
00014a12  __mspabi_cmpd                          
00014bb2  __mspabi_mpyf                          
00014c6a  __TI_renormd                           
00014d1c  ftoa                                   
00014e6a  frexp                                  
00014e6a  frexpl                                 
00014f10  __mspabi_fltlid                        
00014fae  HOSTlseek                              
00015168  fputc                                  
00015168  putc                                   
000151f8  __mspabi_divf                          
00015288  __mspabi_cvtdf                         
00015314  __TI_ltoa                              
00015394  __TI_wrt_ok                            
00015412  LCD_Init                               
00015504  __TI_decompress_lzss                   
0001557a  HOSTrename                             
000155ee  __TI_closefile                         
000156d6  HOSTopen                               
00015746  main                                   
000157b6  intToStr                               
00015824  HOSTwrite                              
00015890  HOSTread                               
000158fa  fseek                                  
00015964  __mspabi_fixfi                         
000159cc  __mspabi_fixdli                        
00015a32  __TI_doflush                           
00015a96  __mspabi_cvtfd                         
00015afa  atoi                                   
00015b5c  close                                  
00015bb6  getdevice                              
00015c10  Clock_Init_1MHz                        
00015c68  __mspabi_divul                         
00015c68  __mspabi_remul                         
00015cc0  __TI_auto_init_nobinit_nopinit_hold_wdt
00015d14  int2strXX                              
00015d64  HOSTclose                              
00015e00  SPI_Init                               
00015e4c  __mspabi_fixful                        
00015e98  ADC12_0_Init                           
00015ee2  exit                                   
00015f2c  printf                                 
00015f76  __mspabi_cmpf                          
00015fc0  RotEnc_Init                            
00016008  HOSTunlink                             
0001604e  calcMean                               
00016094  sprintf                                
000160d8  printc                                 
00016118  reverse                                
00016158  __mspabi_divli                         
00016158  __mspabi_remli                         
00016198  __mspabi_sral_15                       
0001619c  __mspabi_sral_14                       
000161a0  __mspabi_sral_13                       
000161a4  __mspabi_sral_12                       
000161a8  __mspabi_sral_11                       
000161ac  __mspabi_sral_10                       
000161b0  __mspabi_sral_9                        
000161b4  __mspabi_sral_8                        
000161b8  __mspabi_sral_7                        
000161bc  __mspabi_sral_6                        
000161c0  __mspabi_sral_5                        
000161c4  __mspabi_sral_4                        
000161c8  __mspabi_sral_3                        
000161cc  __mspabi_sral_2                        
000161d0  __mspabi_sral_1                        
000161d6  __mspabi_slll_15                       
000161da  __mspabi_slll_14                       
000161de  __mspabi_slll_13                       
000161e2  __mspabi_slll_12                       
000161e6  __mspabi_slll_11                       
000161ea  __mspabi_slll_10                       
000161ee  __mspabi_slll_9                        
000161f2  __mspabi_slll_8                        
000161f6  __mspabi_slll_7                        
000161fa  __mspabi_slll_6                        
000161fe  __mspabi_slll_5                        
00016202  __mspabi_slll_4                        
00016206  __mspabi_slll_3                        
0001620a  __mspabi_slll_2                        
0001620e  __mspabi_slll_1                        
00016214  __mspabi_srll_15                       
00016218  __mspabi_srll_14                       
0001621c  __mspabi_srll_13                       
00016220  __mspabi_srll_12                       
00016224  __mspabi_srll_11                       
00016228  __mspabi_srll_10                       
0001622c  __mspabi_srll_9                        
00016230  __mspabi_srll_8                        
00016234  __mspabi_srll_7                        
00016238  __mspabi_srll_6                        
0001623c  __mspabi_srll_5                        
00016240  __mspabi_srll_4                        
00016244  __mspabi_srll_3                        
00016248  __mspabi_srll_2                        
0001624c  __mspabi_srll_1                        
00016252  lseek                                  
00016290  write                                  
000162cc  __mspabi_sllll                         
00016306  __mspabi_srlll                         
00016340  __TI_cleanup                           
00016376  __TI_writemsg                          
000163a8  C$$IO$$                                
000163ac  __mspabi_fltif                         
000163e2  __TI_readmsg                           
00016414  __mspabi_subd                          
00016446  __mspabi_fltulf                        
00016478  strncpy                                
000164aa  memmove                                
000164da  sendByte                               
0001650a  remove                                 
0001650a  unlink                                 
0001653a  __mspabi_negd                          
00016568  copysign                               
00016568  copysignl                              
00016596  finddevice                             
000165f0  __mspabi_divi                          
000165f0  __mspabi_remi                          
0001661c  clearLCD                               
00016670  __mspabi_fixdi                         
00016698  memccpy                                
000166be  __TI_zero_init_nomemset                
000166e2  __mspabi_fltuf                         
00016706  __mspabi_mpyl_f5hw                     
0001674a  int2str                                
00016768  strcat                                 
00016786  setCursor                              
000167a2  strchr                                 
000167be  strcmp                                 
000167da  __mspabi_mpyi_f5hw                     
00016808  memchr                                 
0001681e  memset                                 
00016834  prints                                 
0001684a  __mspabi_divu                          
0001684a  __mspabi_remu                          
00016860  wcslen                                 
0001688a  memcpy                                 
0001689e  Timer0_A5_Init                         
000168b0  __TI_decompress_none                   
000168c2  startTimer0_A5                         
000168d4  strcpy                                 
000168e6  toupper                                
000168f8  __mspabi_sral                          
00016908  __mspabi_slll                          
00016918  __mspabi_srll                          
00016928  stepCW                                 
00016938  strlen                                 
00016946  __mspabi_fltid                         
00016952  abs                                    
0001695c  stepCCW                                
00016966  displayFlowRate                        
0001696e  malloc                                 
0001697c  C$$EXIT                                
0001697c  abort                                  
00016982  stopTimer0_A5                          
0001698c  _system_pre_init                       
00016990  _nop                                   
00016992  _system_post_cinit                     
ffffffff  __TI_pprof_out_hndl                    
ffffffff  __TI_prof_data_size                    
ffffffff  __TI_prof_data_start                   
ffffffff  __c_args__                             

[1005 symbols]
