<?xml version="1.0" encoding="ISO-8859-1" ?>
<link_info>
   <banner>MSP430 Linker PC v20.2.1.LTS</banner>
   <copyright>Copyright (c) 2003-2018 Texas Instruments Incorporated</copyright>
   <link_time>0x60e79f91</link_time>
   <link_errors>0x0</link_errors>
   <output_file>h2neo_monitor.out</output_file>
   <entry_point>
      <name>_c_int00_noargs</name>
      <address>0x4456</address>
   </entry_point>
   <input_file_list>
      <input_file id="fl-2">
         <path>.\</path>
         <kind>object</kind>
         <file>convertNprint.obj</file>
         <name>convertNprint.obj</name>
      </input_file>
      <input_file id="fl-3">
         <path>.\</path>
         <kind>object</kind>
         <file>lcd_screen.obj</file>
         <name>lcd_screen.obj</name>
      </input_file>
      <input_file id="fl-4">
         <path>.\</path>
         <kind>object</kind>
         <file>main.obj</file>
         <name>main.obj</name>
      </input_file>
      <input_file id="fl-5">
         <path>.\</path>
         <kind>object</kind>
         <file>opticalSensor.obj</file>
         <name>opticalSensor.obj</name>
      </input_file>
      <input_file id="fl-6">
         <path>.\</path>
         <kind>object</kind>
         <file>rotary_encoder_w_button.obj</file>
         <name>rotary_encoder_w_button.obj</name>
      </input_file>
      <input_file id="fl-7">
         <path>.\</path>
         <kind>object</kind>
         <file>stopwatch.obj</file>
         <name>stopwatch.obj</name>
      </input_file>
      <input_file id="fl-d">
         <kind>object</kind>
         <file>&lt;internal&gt;</file>
         <name>&lt;internal&gt;</name>
      </input_file>
      <input_file id="fl-28">
         <path>C:\ti\ccs1010\ccs\tools\compiler\ti-cgt-msp430_20.2.1.LTS\lib\</path>
         <kind>archive</kind>
         <file>rts430x_lc_rd_eabi.lib</file>
         <name>e_pow.c.obj</name>
      </input_file>
      <input_file id="fl-29">
         <path>C:\ti\ccs1010\ccs\tools\compiler\ti-cgt-msp430_20.2.1.LTS\lib\</path>
         <kind>archive</kind>
         <file>rts430x_lc_rd_eabi.lib</file>
         <name>e_sqrt.c.obj</name>
      </input_file>
      <input_file id="fl-2a">
         <path>C:\ti\ccs1010\ccs\tools\compiler\ti-cgt-msp430_20.2.1.LTS\lib\</path>
         <kind>archive</kind>
         <file>rts430x_lc_rd_eabi.lib</file>
         <name>s_scalbn.c.obj</name>
      </input_file>
      <input_file id="fl-2b">
         <path>C:\ti\ccs1010\ccs\tools\compiler\ti-cgt-msp430_20.2.1.LTS\lib\</path>
         <kind>archive</kind>
         <file>rts430x_lc_rd_eabi.lib</file>
         <name>printf.c.obj</name>
      </input_file>
      <input_file id="fl-2c">
         <path>C:\ti\ccs1010\ccs\tools\compiler\ti-cgt-msp430_20.2.1.LTS\lib\</path>
         <kind>archive</kind>
         <file>rts430x_lc_rd_eabi.lib</file>
         <name>_printfi.c.obj</name>
      </input_file>
      <input_file id="fl-2d">
         <path>C:\ti\ccs1010\ccs\tools\compiler\ti-cgt-msp430_20.2.1.LTS\lib\</path>
         <kind>archive</kind>
         <file>rts430x_lc_rd_eabi.lib</file>
         <name>sprintf.c.obj</name>
      </input_file>
      <input_file id="fl-2e">
         <path>C:\ti\ccs1010\ccs\tools\compiler\ti-cgt-msp430_20.2.1.LTS\lib\</path>
         <kind>archive</kind>
         <file>rts430x_lc_rd_eabi.lib</file>
         <name>fputc.c.obj</name>
      </input_file>
      <input_file id="fl-2f">
         <path>C:\ti\ccs1010\ccs\tools\compiler\ti-cgt-msp430_20.2.1.LTS\lib\</path>
         <kind>archive</kind>
         <file>rts430x_lc_rd_eabi.lib</file>
         <name>fputs.c.obj</name>
      </input_file>
      <input_file id="fl-30">
         <path>C:\ti\ccs1010\ccs\tools\compiler\ti-cgt-msp430_20.2.1.LTS\lib\</path>
         <kind>archive</kind>
         <file>rts430x_lc_rd_eabi.lib</file>
         <name>_io_perm.c.obj</name>
      </input_file>
      <input_file id="fl-31">
         <path>C:\ti\ccs1010\ccs\tools\compiler\ti-cgt-msp430_20.2.1.LTS\lib\</path>
         <kind>archive</kind>
         <file>rts430x_lc_rd_eabi.lib</file>
         <name>setvbuf.c.obj</name>
      </input_file>
      <input_file id="fl-32">
         <path>C:\ti\ccs1010\ccs\tools\compiler\ti-cgt-msp430_20.2.1.LTS\lib\</path>
         <kind>archive</kind>
         <file>rts430x_lc_rd_eabi.lib</file>
         <name>wcslen.c.obj</name>
      </input_file>
      <input_file id="fl-33">
         <path>C:\ti\ccs1010\ccs\tools\compiler\ti-cgt-msp430_20.2.1.LTS\lib\</path>
         <kind>archive</kind>
         <file>rts430x_lc_rd_eabi.lib</file>
         <name>s_copysign.c.obj</name>
      </input_file>
      <input_file id="fl-34">
         <path>C:\ti\ccs1010\ccs\tools\compiler\ti-cgt-msp430_20.2.1.LTS\lib\</path>
         <kind>archive</kind>
         <file>rts430x_lc_rd_eabi.lib</file>
         <name>asr32.asm.obj</name>
      </input_file>
      <input_file id="fl-35">
         <path>C:\ti\ccs1010\ccs\tools\compiler\ti-cgt-msp430_20.2.1.LTS\lib\</path>
         <kind>archive</kind>
         <file>rts430x_lc_rd_eabi.lib</file>
         <name>div16s.asm.obj</name>
      </input_file>
      <input_file id="fl-36">
         <path>C:\ti\ccs1010\ccs\tools\compiler\ti-cgt-msp430_20.2.1.LTS\lib\</path>
         <kind>archive</kind>
         <file>rts430x_lc_rd_eabi.lib</file>
         <name>div16u.asm.obj</name>
      </input_file>
      <input_file id="fl-37">
         <path>C:\ti\ccs1010\ccs\tools\compiler\ti-cgt-msp430_20.2.1.LTS\lib\</path>
         <kind>archive</kind>
         <file>rts430x_lc_rd_eabi.lib</file>
         <name>div32u.asm.obj</name>
      </input_file>
      <input_file id="fl-38">
         <path>C:\ti\ccs1010\ccs\tools\compiler\ti-cgt-msp430_20.2.1.LTS\lib\</path>
         <kind>archive</kind>
         <file>rts430x_lc_rd_eabi.lib</file>
         <name>fs_add.asm.obj</name>
      </input_file>
      <input_file id="fl-39">
         <path>C:\ti\ccs1010\ccs\tools\compiler\ti-cgt-msp430_20.2.1.LTS\lib\</path>
         <kind>archive</kind>
         <file>rts430x_lc_rd_eabi.lib</file>
         <name>fs_cmp.asm.obj</name>
      </input_file>
      <input_file id="fl-3a">
         <path>C:\ti\ccs1010\ccs\tools\compiler\ti-cgt-msp430_20.2.1.LTS\lib\</path>
         <kind>archive</kind>
         <file>rts430x_lc_rd_eabi.lib</file>
         <name>fs_div.asm.obj</name>
      </input_file>
      <input_file id="fl-3b">
         <path>C:\ti\ccs1010\ccs\tools\compiler\ti-cgt-msp430_20.2.1.LTS\lib\</path>
         <kind>archive</kind>
         <file>rts430x_lc_rd_eabi.lib</file>
         <name>fs_itof.asm.obj</name>
      </input_file>
      <input_file id="fl-3c">
         <path>C:\ti\ccs1010\ccs\tools\compiler\ti-cgt-msp430_20.2.1.LTS\lib\</path>
         <kind>archive</kind>
         <file>rts430x_lc_rd_eabi.lib</file>
         <name>fs_mpy.asm.obj</name>
      </input_file>
      <input_file id="fl-3d">
         <path>C:\ti\ccs1010\ccs\tools\compiler\ti-cgt-msp430_20.2.1.LTS\lib\</path>
         <kind>archive</kind>
         <file>rts430x_lc_rd_eabi.lib</file>
         <name>fs_toi.asm.obj</name>
      </input_file>
      <input_file id="fl-3e">
         <path>C:\ti\ccs1010\ccs\tools\compiler\ti-cgt-msp430_20.2.1.LTS\lib\</path>
         <kind>archive</kind>
         <file>rts430x_lc_rd_eabi.lib</file>
         <name>fs_toul.asm.obj</name>
      </input_file>
      <input_file id="fl-3f">
         <path>C:\ti\ccs1010\ccs\tools\compiler\ti-cgt-msp430_20.2.1.LTS\lib\</path>
         <kind>archive</kind>
         <file>rts430x_lc_rd_eabi.lib</file>
         <name>fs_ultof.asm.obj</name>
      </input_file>
      <input_file id="fl-40">
         <path>C:\ti\ccs1010\ccs\tools\compiler\ti-cgt-msp430_20.2.1.LTS\lib\</path>
         <kind>archive</kind>
         <file>rts430x_lc_rd_eabi.lib</file>
         <name>fs_utof.asm.obj</name>
      </input_file>
      <input_file id="fl-41">
         <path>C:\ti\ccs1010\ccs\tools\compiler\ti-cgt-msp430_20.2.1.LTS\lib\</path>
         <kind>archive</kind>
         <file>rts430x_lc_rd_eabi.lib</file>
         <name>int41.asm.obj</name>
      </input_file>
      <input_file id="fl-42">
         <path>C:\ti\ccs1010\ccs\tools\compiler\ti-cgt-msp430_20.2.1.LTS\lib\</path>
         <kind>archive</kind>
         <file>rts430x_lc_rd_eabi.lib</file>
         <name>int43.asm.obj</name>
      </input_file>
      <input_file id="fl-43">
         <path>C:\ti\ccs1010\ccs\tools\compiler\ti-cgt-msp430_20.2.1.LTS\lib\</path>
         <kind>archive</kind>
         <file>rts430x_lc_rd_eabi.lib</file>
         <name>int44.asm.obj</name>
      </input_file>
      <input_file id="fl-44">
         <path>C:\ti\ccs1010\ccs\tools\compiler\ti-cgt-msp430_20.2.1.LTS\lib\</path>
         <kind>archive</kind>
         <file>rts430x_lc_rd_eabi.lib</file>
         <name>int45.asm.obj</name>
      </input_file>
      <input_file id="fl-45">
         <path>C:\ti\ccs1010\ccs\tools\compiler\ti-cgt-msp430_20.2.1.LTS\lib\</path>
         <kind>archive</kind>
         <file>rts430x_lc_rd_eabi.lib</file>
         <name>int46.asm.obj</name>
      </input_file>
      <input_file id="fl-46">
         <path>C:\ti\ccs1010\ccs\tools\compiler\ti-cgt-msp430_20.2.1.LTS\lib\</path>
         <kind>archive</kind>
         <file>rts430x_lc_rd_eabi.lib</file>
         <name>int48.asm.obj</name>
      </input_file>
      <input_file id="fl-47">
         <path>C:\ti\ccs1010\ccs\tools\compiler\ti-cgt-msp430_20.2.1.LTS\lib\</path>
         <kind>archive</kind>
         <file>rts430x_lc_rd_eabi.lib</file>
         <name>int49.asm.obj</name>
      </input_file>
      <input_file id="fl-48">
         <path>C:\ti\ccs1010\ccs\tools\compiler\ti-cgt-msp430_20.2.1.LTS\lib\</path>
         <kind>archive</kind>
         <file>rts430x_lc_rd_eabi.lib</file>
         <name>int50.asm.obj</name>
      </input_file>
      <input_file id="fl-49">
         <path>C:\ti\ccs1010\ccs\tools\compiler\ti-cgt-msp430_20.2.1.LTS\lib\</path>
         <kind>archive</kind>
         <file>rts430x_lc_rd_eabi.lib</file>
         <name>int51.asm.obj</name>
      </input_file>
      <input_file id="fl-4a">
         <path>C:\ti\ccs1010\ccs\tools\compiler\ti-cgt-msp430_20.2.1.LTS\lib\</path>
         <kind>archive</kind>
         <file>rts430x_lc_rd_eabi.lib</file>
         <name>int52.asm.obj</name>
      </input_file>
      <input_file id="fl-4b">
         <path>C:\ti\ccs1010\ccs\tools\compiler\ti-cgt-msp430_20.2.1.LTS\lib\</path>
         <kind>archive</kind>
         <file>rts430x_lc_rd_eabi.lib</file>
         <name>int55.asm.obj</name>
      </input_file>
      <input_file id="fl-4c">
         <path>C:\ti\ccs1010\ccs\tools\compiler\ti-cgt-msp430_20.2.1.LTS\lib\</path>
         <kind>archive</kind>
         <file>rts430x_lc_rd_eabi.lib</file>
         <name>int56.asm.obj</name>
      </input_file>
      <input_file id="fl-4d">
         <path>C:\ti\ccs1010\ccs\tools\compiler\ti-cgt-msp430_20.2.1.LTS\lib\</path>
         <kind>archive</kind>
         <file>rts430x_lc_rd_eabi.lib</file>
         <name>int57.asm.obj</name>
      </input_file>
      <input_file id="fl-4e">
         <path>C:\ti\ccs1010\ccs\tools\compiler\ti-cgt-msp430_20.2.1.LTS\lib\</path>
         <kind>archive</kind>
         <file>rts430x_lc_rd_eabi.lib</file>
         <name>int58.asm.obj</name>
      </input_file>
      <input_file id="fl-4f">
         <path>C:\ti\ccs1010\ccs\tools\compiler\ti-cgt-msp430_20.2.1.LTS\lib\</path>
         <kind>archive</kind>
         <file>rts430x_lc_rd_eabi.lib</file>
         <name>int59.asm.obj</name>
      </input_file>
      <input_file id="fl-50">
         <path>C:\ti\ccs1010\ccs\tools\compiler\ti-cgt-msp430_20.2.1.LTS\lib\</path>
         <kind>archive</kind>
         <file>rts430x_lc_rd_eabi.lib</file>
         <name>int60.asm.obj</name>
      </input_file>
      <input_file id="fl-51">
         <path>C:\ti\ccs1010\ccs\tools\compiler\ti-cgt-msp430_20.2.1.LTS\lib\</path>
         <kind>archive</kind>
         <file>rts430x_lc_rd_eabi.lib</file>
         <name>int61.asm.obj</name>
      </input_file>
      <input_file id="fl-52">
         <path>C:\ti\ccs1010\ccs\tools\compiler\ti-cgt-msp430_20.2.1.LTS\lib\</path>
         <kind>archive</kind>
         <file>rts430x_lc_rd_eabi.lib</file>
         <name>int62.asm.obj</name>
      </input_file>
      <input_file id="fl-53">
         <path>C:\ti\ccs1010\ccs\tools\compiler\ti-cgt-msp430_20.2.1.LTS\lib\</path>
         <kind>archive</kind>
         <file>rts430x_lc_rd_eabi.lib</file>
         <name>isr_trap.asm.obj</name>
      </input_file>
      <input_file id="fl-54">
         <path>C:\ti\ccs1010\ccs\tools\compiler\ti-cgt-msp430_20.2.1.LTS\lib\</path>
         <kind>archive</kind>
         <file>rts430x_lc_rd_eabi.lib</file>
         <name>lsl32.asm.obj</name>
      </input_file>
      <input_file id="fl-55">
         <path>C:\ti\ccs1010\ccs\tools\compiler\ti-cgt-msp430_20.2.1.LTS\lib\</path>
         <kind>archive</kind>
         <file>rts430x_lc_rd_eabi.lib</file>
         <name>lsr32.asm.obj</name>
      </input_file>
      <input_file id="fl-56">
         <path>C:\ti\ccs1010\ccs\tools\compiler\ti-cgt-msp430_20.2.1.LTS\lib\</path>
         <kind>archive</kind>
         <file>rts430x_lc_rd_eabi.lib</file>
         <name>mult16.asm.obj</name>
      </input_file>
      <input_file id="fl-57">
         <path>C:\ti\ccs1010\ccs\tools\compiler\ti-cgt-msp430_20.2.1.LTS\lib\</path>
         <kind>archive</kind>
         <file>rts430x_lc_rd_eabi.lib</file>
         <name>mult16_f5hw.asm.obj</name>
      </input_file>
      <input_file id="fl-58">
         <path>C:\ti\ccs1010\ccs\tools\compiler\ti-cgt-msp430_20.2.1.LTS\lib\</path>
         <kind>archive</kind>
         <file>rts430x_lc_rd_eabi.lib</file>
         <name>mult1632_f5hw.asm.obj</name>
      </input_file>
      <input_file id="fl-59">
         <path>C:\ti\ccs1010\ccs\tools\compiler\ti-cgt-msp430_20.2.1.LTS\lib\</path>
         <kind>archive</kind>
         <file>rts430x_lc_rd_eabi.lib</file>
         <name>mult32_f5hw.asm.obj</name>
      </input_file>
      <input_file id="fl-5a">
         <path>C:\ti\ccs1010\ccs\tools\compiler\ti-cgt-msp430_20.2.1.LTS\lib\</path>
         <kind>archive</kind>
         <file>rts430x_lc_rd_eabi.lib</file>
         <name>mult3264_f5hw.asm.obj</name>
      </input_file>
      <input_file id="fl-5b">
         <path>C:\ti\ccs1010\ccs\tools\compiler\ti-cgt-msp430_20.2.1.LTS\lib\</path>
         <kind>archive</kind>
         <file>rts430x_lc_rd_eabi.lib</file>
         <name>mult64_f5hw.asm.obj</name>
      </input_file>
      <input_file id="fl-5c">
         <path>C:\ti\ccs1010\ccs\tools\compiler\ti-cgt-msp430_20.2.1.LTS\lib\</path>
         <kind>archive</kind>
         <file>rts430x_lc_rd_eabi.lib</file>
         <name>boot.c.obj</name>
      </input_file>
      <input_file id="fl-5d">
         <path>C:\ti\ccs1010\ccs\tools\compiler\ti-cgt-msp430_20.2.1.LTS\lib\</path>
         <kind>archive</kind>
         <file>rts430x_lc_rd_eabi.lib</file>
         <name>autoinit.c.obj</name>
      </input_file>
      <input_file id="fl-5e">
         <path>C:\ti\ccs1010\ccs\tools\compiler\ti-cgt-msp430_20.2.1.LTS\lib\</path>
         <kind>archive</kind>
         <file>rts430x_lc_rd_eabi.lib</file>
         <name>copy_zero_init.c.obj</name>
      </input_file>
      <input_file id="fl-5f">
         <path>C:\ti\ccs1010\ccs\tools\compiler\ti-cgt-msp430_20.2.1.LTS\lib\</path>
         <kind>archive</kind>
         <file>rts430x_lc_rd_eabi.lib</file>
         <name>exit_gvars.c.obj</name>
      </input_file>
      <input_file id="fl-60">
         <path>C:\ti\ccs1010\ccs\tools\compiler\ti-cgt-msp430_20.2.1.LTS\lib\</path>
         <kind>archive</kind>
         <file>rts430x_lc_rd_eabi.lib</file>
         <name>cpy_tbl.c.obj</name>
      </input_file>
      <input_file id="fl-61">
         <path>C:\ti\ccs1010\ccs\tools\compiler\ti-cgt-msp430_20.2.1.LTS\lib\</path>
         <kind>archive</kind>
         <file>rts430x_lc_rd_eabi.lib</file>
         <name>mpu_init.c.obj</name>
      </input_file>
      <input_file id="fl-62">
         <path>C:\ti\ccs1010\ccs\tools\compiler\ti-cgt-msp430_20.2.1.LTS\lib\</path>
         <kind>archive</kind>
         <file>rts430x_lc_rd_eabi.lib</file>
         <name>lsr64.c.obj</name>
      </input_file>
      <input_file id="fl-63">
         <path>C:\ti\ccs1010\ccs\tools\compiler\ti-cgt-msp430_20.2.1.LTS\lib\</path>
         <kind>archive</kind>
         <file>rts430x_lc_rd_eabi.lib</file>
         <name>div64u.c.obj</name>
      </input_file>
      <input_file id="fl-64">
         <path>C:\ti\ccs1010\ccs\tools\compiler\ti-cgt-msp430_20.2.1.LTS\lib\</path>
         <kind>archive</kind>
         <file>rts430x_lc_rd_eabi.lib</file>
         <name>pre_init.c.obj</name>
      </input_file>
      <input_file id="fl-65">
         <path>C:\ti\ccs1010\ccs\tools\compiler\ti-cgt-msp430_20.2.1.LTS\lib\</path>
         <kind>archive</kind>
         <file>rts430x_lc_rd_eabi.lib</file>
         <name>startup.c.obj</name>
      </input_file>
      <input_file id="fl-66">
         <path>C:\ti\ccs1010\ccs\tools\compiler\ti-cgt-msp430_20.2.1.LTS\lib\</path>
         <kind>archive</kind>
         <file>rts430x_lc_rd_eabi.lib</file>
         <name>copy_decompress_none.c.obj</name>
      </input_file>
      <input_file id="fl-67">
         <path>C:\ti\ccs1010\ccs\tools\compiler\ti-cgt-msp430_20.2.1.LTS\lib\</path>
         <kind>archive</kind>
         <file>rts430x_lc_rd_eabi.lib</file>
         <name>copy_decompress_lzss.c.obj</name>
      </input_file>
      <input_file id="fl-68">
         <path>C:\ti\ccs1010\ccs\tools\compiler\ti-cgt-msp430_20.2.1.LTS\lib\</path>
         <kind>archive</kind>
         <file>rts430x_lc_rd_eabi.lib</file>
         <name>addd.c.obj</name>
      </input_file>
      <input_file id="fl-69">
         <path>C:\ti\ccs1010\ccs\tools\compiler\ti-cgt-msp430_20.2.1.LTS\lib\</path>
         <kind>archive</kind>
         <file>rts430x_lc_rd_eabi.lib</file>
         <name>cmpd.c.obj</name>
      </input_file>
      <input_file id="fl-6a">
         <path>C:\ti\ccs1010\ccs\tools\compiler\ti-cgt-msp430_20.2.1.LTS\lib\</path>
         <kind>archive</kind>
         <file>rts430x_lc_rd_eabi.lib</file>
         <name>cvtfd.c.obj</name>
      </input_file>
      <input_file id="fl-6b">
         <path>C:\ti\ccs1010\ccs\tools\compiler\ti-cgt-msp430_20.2.1.LTS\lib\</path>
         <kind>archive</kind>
         <file>rts430x_lc_rd_eabi.lib</file>
         <name>divd.c.obj</name>
      </input_file>
      <input_file id="fl-6c">
         <path>C:\ti\ccs1010\ccs\tools\compiler\ti-cgt-msp430_20.2.1.LTS\lib\</path>
         <kind>archive</kind>
         <file>rts430x_lc_rd_eabi.lib</file>
         <name>fixdi.c.obj</name>
      </input_file>
      <input_file id="fl-6d">
         <path>C:\ti\ccs1010\ccs\tools\compiler\ti-cgt-msp430_20.2.1.LTS\lib\</path>
         <kind>archive</kind>
         <file>rts430x_lc_rd_eabi.lib</file>
         <name>fixdli.c.obj</name>
      </input_file>
      <input_file id="fl-6e">
         <path>C:\ti\ccs1010\ccs\tools\compiler\ti-cgt-msp430_20.2.1.LTS\lib\</path>
         <kind>archive</kind>
         <file>rts430x_lc_rd_eabi.lib</file>
         <name>fltid.c.obj</name>
      </input_file>
      <input_file id="fl-6f">
         <path>C:\ti\ccs1010\ccs\tools\compiler\ti-cgt-msp430_20.2.1.LTS\lib\</path>
         <kind>archive</kind>
         <file>rts430x_lc_rd_eabi.lib</file>
         <name>fltlid.c.obj</name>
      </input_file>
      <input_file id="fl-70">
         <path>C:\ti\ccs1010\ccs\tools\compiler\ti-cgt-msp430_20.2.1.LTS\lib\</path>
         <kind>archive</kind>
         <file>rts430x_lc_rd_eabi.lib</file>
         <name>frcaddd.c.obj</name>
      </input_file>
      <input_file id="fl-71">
         <path>C:\ti\ccs1010\ccs\tools\compiler\ti-cgt-msp430_20.2.1.LTS\lib\</path>
         <kind>archive</kind>
         <file>rts430x_lc_rd_eabi.lib</file>
         <name>frcdivd.c.obj</name>
      </input_file>
      <input_file id="fl-72">
         <path>C:\ti\ccs1010\ccs\tools\compiler\ti-cgt-msp430_20.2.1.LTS\lib\</path>
         <kind>archive</kind>
         <file>rts430x_lc_rd_eabi.lib</file>
         <name>mpyd.c.obj</name>
      </input_file>
      <input_file id="fl-73">
         <path>C:\ti\ccs1010\ccs\tools\compiler\ti-cgt-msp430_20.2.1.LTS\lib\</path>
         <kind>archive</kind>
         <file>rts430x_lc_rd_eabi.lib</file>
         <name>negd.c.obj</name>
      </input_file>
      <input_file id="fl-74">
         <path>C:\ti\ccs1010\ccs\tools\compiler\ti-cgt-msp430_20.2.1.LTS\lib\</path>
         <kind>archive</kind>
         <file>rts430x_lc_rd_eabi.lib</file>
         <name>renormd.c.obj</name>
      </input_file>
      <input_file id="fl-75">
         <path>C:\ti\ccs1010\ccs\tools\compiler\ti-cgt-msp430_20.2.1.LTS\lib\</path>
         <kind>archive</kind>
         <file>rts430x_lc_rd_eabi.lib</file>
         <name>subd.c.obj</name>
      </input_file>
      <input_file id="fl-76">
         <path>C:\ti\ccs1010\ccs\tools\compiler\ti-cgt-msp430_20.2.1.LTS\lib\</path>
         <kind>archive</kind>
         <file>rts430x_lc_rd_eabi.lib</file>
         <name>cvtdf.c.obj</name>
      </input_file>
      <input_file id="fl-77">
         <path>C:\ti\ccs1010\ccs\tools\compiler\ti-cgt-msp430_20.2.1.LTS\lib\</path>
         <kind>archive</kind>
         <file>rts430x_lc_rd_eabi.lib</file>
         <name>exit.c.obj</name>
      </input_file>
      <input_file id="fl-78">
         <path>C:\ti\ccs1010\ccs\tools\compiler\ti-cgt-msp430_20.2.1.LTS\lib\</path>
         <kind>archive</kind>
         <file>rts430x_lc_rd_eabi.lib</file>
         <name>_lock.c.obj</name>
      </input_file>
      <input_file id="fl-79">
         <path>C:\ti\ccs1010\ccs\tools\compiler\ti-cgt-msp430_20.2.1.LTS\lib\</path>
         <kind>archive</kind>
         <file>rts430x_lc_rd_eabi.lib</file>
         <name>_ltoa.c.obj</name>
      </input_file>
      <input_file id="fl-7a">
         <path>C:\ti\ccs1010\ccs\tools\compiler\ti-cgt-msp430_20.2.1.LTS\lib\</path>
         <kind>archive</kind>
         <file>rts430x_lc_rd_eabi.lib</file>
         <name>args_main.c.obj</name>
      </input_file>
      <input_file id="fl-7b">
         <path>C:\ti\ccs1010\ccs\tools\compiler\ti-cgt-msp430_20.2.1.LTS\lib\</path>
         <kind>archive</kind>
         <file>rts430x_lc_rd_eabi.lib</file>
         <name>atoi.c.obj</name>
      </input_file>
      <input_file id="fl-7c">
         <path>C:\ti\ccs1010\ccs\tools\compiler\ti-cgt-msp430_20.2.1.LTS\lib\</path>
         <kind>archive</kind>
         <file>rts430x_lc_rd_eabi.lib</file>
         <name>ctype.c.obj</name>
      </input_file>
      <input_file id="fl-7d">
         <path>C:\ti\ccs1010\ccs\tools\compiler\ti-cgt-msp430_20.2.1.LTS\lib\</path>
         <kind>archive</kind>
         <file>rts430x_lc_rd_eabi.lib</file>
         <name>defs.c.obj</name>
      </input_file>
      <input_file id="fl-7e">
         <path>C:\ti\ccs1010\ccs\tools\compiler\ti-cgt-msp430_20.2.1.LTS\lib\</path>
         <kind>archive</kind>
         <file>rts430x_lc_rd_eabi.lib</file>
         <name>memccpy.c.obj</name>
      </input_file>
      <input_file id="fl-7f">
         <path>C:\ti\ccs1010\ccs\tools\compiler\ti-cgt-msp430_20.2.1.LTS\lib\</path>
         <kind>archive</kind>
         <file>rts430x_lc_rd_eabi.lib</file>
         <name>memchr.c.obj</name>
      </input_file>
      <input_file id="fl-80">
         <path>C:\ti\ccs1010\ccs\tools\compiler\ti-cgt-msp430_20.2.1.LTS\lib\</path>
         <kind>archive</kind>
         <file>rts430x_lc_rd_eabi.lib</file>
         <name>memcpy.c.obj</name>
      </input_file>
      <input_file id="fl-81">
         <path>C:\ti\ccs1010\ccs\tools\compiler\ti-cgt-msp430_20.2.1.LTS\lib\</path>
         <kind>archive</kind>
         <file>rts430x_lc_rd_eabi.lib</file>
         <name>memmov.c.obj</name>
      </input_file>
      <input_file id="fl-82">
         <path>C:\ti\ccs1010\ccs\tools\compiler\ti-cgt-msp430_20.2.1.LTS\lib\</path>
         <kind>archive</kind>
         <file>rts430x_lc_rd_eabi.lib</file>
         <name>memory.c.obj</name>
      </input_file>
      <input_file id="fl-83">
         <path>C:\ti\ccs1010\ccs\tools\compiler\ti-cgt-msp430_20.2.1.LTS\lib\</path>
         <kind>archive</kind>
         <file>rts430x_lc_rd_eabi.lib</file>
         <name>memset.c.obj</name>
      </input_file>
      <input_file id="fl-84">
         <path>C:\ti\ccs1010\ccs\tools\compiler\ti-cgt-msp430_20.2.1.LTS\lib\</path>
         <kind>archive</kind>
         <file>rts430x_lc_rd_eabi.lib</file>
         <name>strcat.c.obj</name>
      </input_file>
      <input_file id="fl-85">
         <path>C:\ti\ccs1010\ccs\tools\compiler\ti-cgt-msp430_20.2.1.LTS\lib\</path>
         <kind>archive</kind>
         <file>rts430x_lc_rd_eabi.lib</file>
         <name>strchr.c.obj</name>
      </input_file>
      <input_file id="fl-86">
         <path>C:\ti\ccs1010\ccs\tools\compiler\ti-cgt-msp430_20.2.1.LTS\lib\</path>
         <kind>archive</kind>
         <file>rts430x_lc_rd_eabi.lib</file>
         <name>strcpy.c.obj</name>
      </input_file>
      <input_file id="fl-87">
         <path>C:\ti\ccs1010\ccs\tools\compiler\ti-cgt-msp430_20.2.1.LTS\lib\</path>
         <kind>archive</kind>
         <file>rts430x_lc_rd_eabi.lib</file>
         <name>strlen.c.obj</name>
      </input_file>
      <input_file id="fl-88">
         <path>C:\ti\ccs1010\ccs\tools\compiler\ti-cgt-msp430_20.2.1.LTS\lib\</path>
         <kind>archive</kind>
         <file>rts430x_lc_rd_eabi.lib</file>
         <name>toupper.c.obj</name>
      </input_file>
      <input_file id="fl-89">
         <path>C:\ti\ccs1010\ccs\tools\compiler\ti-cgt-msp430_20.2.1.LTS\lib\</path>
         <kind>archive</kind>
         <file>rts430x_lc_rd_eabi.lib</file>
         <name>abs.c.obj</name>
      </input_file>
      <input_file id="fl-8a">
         <path>C:\ti\ccs1010\ccs\tools\compiler\ti-cgt-msp430_20.2.1.LTS\lib\</path>
         <kind>archive</kind>
         <file>rts430x_lc_rd_eabi.lib</file>
         <name>write.c.obj</name>
      </input_file>
      <input_file id="fl-8b">
         <path>C:\ti\ccs1010\ccs\tools\compiler\ti-cgt-msp430_20.2.1.LTS\lib\</path>
         <kind>archive</kind>
         <file>rts430x_lc_rd_eabi.lib</file>
         <name>host_device.c.obj</name>
      </input_file>
      <input_file id="fl-8c">
         <path>C:\ti\ccs1010\ccs\tools\compiler\ti-cgt-msp430_20.2.1.LTS\lib\</path>
         <kind>archive</kind>
         <file>rts430x_lc_rd_eabi.lib</file>
         <name>errno.c.obj</name>
      </input_file>
      <input_file id="fl-8d">
         <path>C:\ti\ccs1010\ccs\tools\compiler\ti-cgt-msp430_20.2.1.LTS\lib\</path>
         <kind>archive</kind>
         <file>rts430x_lc_rd_eabi.lib</file>
         <name>s_frexp.c.obj</name>
      </input_file>
      <input_file id="fl-8e">
         <path>C:\ti\ccs1010\ccs\tools\compiler\ti-cgt-msp430_20.2.1.LTS\lib\</path>
         <kind>archive</kind>
         <file>rts430x_lc_rd_eabi.lib</file>
         <name>fflush.c.obj</name>
      </input_file>
      <input_file id="fl-8f">
         <path>C:\ti\ccs1010\ccs\tools\compiler\ti-cgt-msp430_20.2.1.LTS\lib\</path>
         <kind>archive</kind>
         <file>rts430x_lc_rd_eabi.lib</file>
         <name>fopen.c.obj</name>
      </input_file>
      <input_file id="fl-90">
         <path>C:\ti\ccs1010\ccs\tools\compiler\ti-cgt-msp430_20.2.1.LTS\lib\</path>
         <kind>archive</kind>
         <file>rts430x_lc_rd_eabi.lib</file>
         <name>fseek.c.obj</name>
      </input_file>
      <input_file id="fl-91">
         <path>C:\ti\ccs1010\ccs\tools\compiler\ti-cgt-msp430_20.2.1.LTS\lib\</path>
         <kind>archive</kind>
         <file>rts430x_lc_rd_eabi.lib</file>
         <name>div32s.asm.obj</name>
      </input_file>
      <input_file id="fl-92">
         <path>C:\ti\ccs1010\ccs\tools\compiler\ti-cgt-msp430_20.2.1.LTS\lib\</path>
         <kind>archive</kind>
         <file>rts430x_lc_rd_eabi.lib</file>
         <name>mult32.asm.obj</name>
      </input_file>
      <input_file id="fl-93">
         <path>C:\ti\ccs1010\ccs\tools\compiler\ti-cgt-msp430_20.2.1.LTS\lib\</path>
         <kind>archive</kind>
         <file>rts430x_lc_rd_eabi.lib</file>
         <name>lsl64.c.obj</name>
      </input_file>
      <input_file id="fl-94">
         <path>C:\ti\ccs1010\ccs\tools\compiler\ti-cgt-msp430_20.2.1.LTS\lib\</path>
         <kind>archive</kind>
         <file>rts430x_lc_rd_eabi.lib</file>
         <name>frcmpyd.c.obj</name>
      </input_file>
      <input_file id="fl-95">
         <path>C:\ti\ccs1010\ccs\tools\compiler\ti-cgt-msp430_20.2.1.LTS\lib\</path>
         <kind>archive</kind>
         <file>rts430x_lc_rd_eabi.lib</file>
         <name>hostclose.c.obj</name>
      </input_file>
      <input_file id="fl-96">
         <path>C:\ti\ccs1010\ccs\tools\compiler\ti-cgt-msp430_20.2.1.LTS\lib\</path>
         <kind>archive</kind>
         <file>rts430x_lc_rd_eabi.lib</file>
         <name>hostlseek.c.obj</name>
      </input_file>
      <input_file id="fl-97">
         <path>C:\ti\ccs1010\ccs\tools\compiler\ti-cgt-msp430_20.2.1.LTS\lib\</path>
         <kind>archive</kind>
         <file>rts430x_lc_rd_eabi.lib</file>
         <name>hostopen.c.obj</name>
      </input_file>
      <input_file id="fl-98">
         <path>C:\ti\ccs1010\ccs\tools\compiler\ti-cgt-msp430_20.2.1.LTS\lib\</path>
         <kind>archive</kind>
         <file>rts430x_lc_rd_eabi.lib</file>
         <name>hostread.c.obj</name>
      </input_file>
      <input_file id="fl-99">
         <path>C:\ti\ccs1010\ccs\tools\compiler\ti-cgt-msp430_20.2.1.LTS\lib\</path>
         <kind>archive</kind>
         <file>rts430x_lc_rd_eabi.lib</file>
         <name>hostrename.c.obj</name>
      </input_file>
      <input_file id="fl-9a">
         <path>C:\ti\ccs1010\ccs\tools\compiler\ti-cgt-msp430_20.2.1.LTS\lib\</path>
         <kind>archive</kind>
         <file>rts430x_lc_rd_eabi.lib</file>
         <name>hostunlink.c.obj</name>
      </input_file>
      <input_file id="fl-9b">
         <path>C:\ti\ccs1010\ccs\tools\compiler\ti-cgt-msp430_20.2.1.LTS\lib\</path>
         <kind>archive</kind>
         <file>rts430x_lc_rd_eabi.lib</file>
         <name>hostwrite.c.obj</name>
      </input_file>
      <input_file id="fl-9c">
         <path>C:\ti\ccs1010\ccs\tools\compiler\ti-cgt-msp430_20.2.1.LTS\lib\</path>
         <kind>archive</kind>
         <file>rts430x_lc_rd_eabi.lib</file>
         <name>trgmsg.c.obj</name>
      </input_file>
      <input_file id="fl-9d">
         <path>C:\ti\ccs1010\ccs\tools\compiler\ti-cgt-msp430_20.2.1.LTS\lib\</path>
         <kind>archive</kind>
         <file>rts430x_lc_rd_eabi.lib</file>
         <name>open.c.obj</name>
      </input_file>
      <input_file id="fl-9e">
         <path>C:\ti\ccs1010\ccs\tools\compiler\ti-cgt-msp430_20.2.1.LTS\lib\</path>
         <kind>archive</kind>
         <file>rts430x_lc_rd_eabi.lib</file>
         <name>lseek.c.obj</name>
      </input_file>
      <input_file id="fl-9f">
         <path>C:\ti\ccs1010\ccs\tools\compiler\ti-cgt-msp430_20.2.1.LTS\lib\</path>
         <kind>archive</kind>
         <file>rts430x_lc_rd_eabi.lib</file>
         <name>fclose.c.obj</name>
      </input_file>
      <input_file id="fl-a0">
         <path>C:\ti\ccs1010\ccs\tools\compiler\ti-cgt-msp430_20.2.1.LTS\lib\</path>
         <kind>archive</kind>
         <file>rts430x_lc_rd_eabi.lib</file>
         <name>getdevice.c.obj</name>
      </input_file>
      <input_file id="fl-a1">
         <path>C:\ti\ccs1010\ccs\tools\compiler\ti-cgt-msp430_20.2.1.LTS\lib\</path>
         <kind>archive</kind>
         <file>rts430x_lc_rd_eabi.lib</file>
         <name>strcmp.c.obj</name>
      </input_file>
      <input_file id="fl-a2">
         <path>C:\ti\ccs1010\ccs\tools\compiler\ti-cgt-msp430_20.2.1.LTS\lib\</path>
         <kind>archive</kind>
         <file>rts430x_lc_rd_eabi.lib</file>
         <name>strncpy.c.obj</name>
      </input_file>
      <input_file id="fl-a3">
         <path>C:\ti\ccs1010\ccs\tools\compiler\ti-cgt-msp430_20.2.1.LTS\lib\</path>
         <kind>archive</kind>
         <file>rts430x_lc_rd_eabi.lib</file>
         <name>remove.c.obj</name>
      </input_file>
      <input_file id="fl-a4">
         <path>C:\ti\ccs1010\ccs\tools\compiler\ti-cgt-msp430_20.2.1.LTS\lib\</path>
         <kind>archive</kind>
         <file>rts430x_lc_rd_eabi.lib</file>
         <name>close.c.obj</name>
      </input_file>
      <input_file id="fl-a5">
         <path>C:\ti\ccs1010\ccs\tools\compiler\ti-cgt-msp430_20.2.1.LTS\lib\</path>
         <kind>archive</kind>
         <file>rts430x_lc_rd_eabi.lib</file>
         <name>unlink.c.obj</name>
      </input_file>
   </input_file_list>
   <object_component_list>
      <object_component id="oc-960">
         <name>.bss</name>
         <uninitialized>true</uninitialized>
         <run_address>0x2732</run_address>
         <size>0x4</size>
         <input_file_ref idref="fl-82"/>
      </object_component>
      <object_component id="oc-503">
         <name>.common:ticMem</name>
         <uninitialized>true</uninitialized>
         <run_address>0x26ea</run_address>
         <size>0x20</size>
      </object_component>
      <object_component id="oc-504">
         <name>.common:str</name>
         <uninitialized>true</uninitialized>
         <run_address>0x272c</run_address>
         <size>0x6</size>
      </object_component>
      <object_component id="oc-52a">
         <name>.common:refRate</name>
         <uninitialized>true</uninitialized>
         <run_address>0x2726</run_address>
         <size>0x6</size>
      </object_component>
      <object_component id="oc-408">
         <name>.common:adcValue</name>
         <uninitialized>true</uninitialized>
         <run_address>0x2736</run_address>
         <size>0x2</size>
      </object_component>
      <object_component id="oc-4e7">
         <name>.common:inSignal</name>
         <uninitialized>true</uninitialized>
         <run_address>0x26c2</run_address>
         <size>0x28</size>
      </object_component>
      <object_component id="oc-4ef">
         <name>.common:filteredIn</name>
         <uninitialized>true</uninitialized>
         <run_address>0x269a</run_address>
         <size>0x28</size>
      </object_component>
      <object_component id="oc-4f6">
         <name>.common:avgFilter</name>
         <uninitialized>true</uninitialized>
         <run_address>0x2672</run_address>
         <size>0x28</size>
      </object_component>
      <object_component id="oc-4e8">
         <name>.common:outSignal</name>
         <uninitialized>true</uninitialized>
         <run_address>0x270a</run_address>
         <size>0x14</size>
      </object_component>
      <object_component id="oc-975">
         <name>.common:__TI_tmpnams</name>
         <uninitialized>true</uninitialized>
         <run_address>0x25d2</run_address>
         <size>0xa0</size>
      </object_component>
      <object_component id="oc-980">
         <name>.common:parmbuf</name>
         <uninitialized>true</uninitialized>
         <run_address>0x271e</run_address>
         <size>0x8</size>
      </object_component>
      <object_component id="oc-3f6">
         <name>.data</name>
         <load_address>0x2540</load_address>
         <run_address>0x2540</run_address>
         <size>0x3e</size>
         <input_file_ref idref="fl-4"/>
      </object_component>
      <object_component id="oc-555">
         <name>.data:__TI_cleanup_ptr</name>
         <load_address>0x25ba</load_address>
         <run_address>0x25ba</run_address>
         <size>0x4</size>
         <input_file_ref idref="fl-5f"/>
      </object_component>
      <object_component id="oc-552">
         <name>.data:__TI_dtors_ptr</name>
         <load_address>0x25be</load_address>
         <run_address>0x25be</run_address>
         <size>0x4</size>
         <input_file_ref idref="fl-5f"/>
      </object_component>
      <object_component id="oc-54c">
         <name>.data</name>
         <load_address>0x25ce</load_address>
         <run_address>0x25ce</run_address>
         <size>0x2</size>
         <input_file_ref idref="fl-77"/>
      </object_component>
      <object_component id="oc-54f">
         <name>.data:_lock</name>
         <load_address>0x25c2</load_address>
         <run_address>0x25c2</run_address>
         <size>0x4</size>
         <input_file_ref idref="fl-78"/>
      </object_component>
      <object_component id="oc-558">
         <name>.data:_unlock</name>
         <load_address>0x25c6</load_address>
         <run_address>0x25c6</run_address>
         <size>0x4</size>
         <input_file_ref idref="fl-78"/>
      </object_component>
      <object_component id="oc-5af">
         <name>.data:_ftable</name>
         <load_address>0x2400</load_address>
         <run_address>0x2400</run_address>
         <size>0xc8</size>
         <input_file_ref idref="fl-7d"/>
      </object_component>
      <object_component id="oc-8ea">
         <name>.data</name>
         <load_address>0x25ca</load_address>
         <run_address>0x25ca</run_address>
         <size>0x2</size>
         <input_file_ref idref="fl-7d"/>
      </object_component>
      <object_component id="oc-965">
         <name>.data</name>
         <load_address>0x25d0</load_address>
         <run_address>0x25d0</run_address>
         <size>0x2</size>
         <input_file_ref idref="fl-82"/>
      </object_component>
      <object_component id="oc-842">
         <name>.data:_device</name>
         <load_address>0x24c8</load_address>
         <run_address>0x24c8</run_address>
         <size>0x78</size>
         <input_file_ref idref="fl-8b"/>
      </object_component>
      <object_component id="oc-781">
         <name>.data:_stream</name>
         <load_address>0x257e</load_address>
         <run_address>0x257e</run_address>
         <size>0x3c</size>
         <input_file_ref idref="fl-8b"/>
      </object_component>
      <object_component id="oc-6ee">
         <name>.data</name>
         <load_address>0x25cc</load_address>
         <run_address>0x25cc</run_address>
         <size>0x2</size>
         <input_file_ref idref="fl-8c"/>
      </object_component>
      <object_component id="oc-36d">
         <name>.sysmem</name>
         <uninitialized>true</uninitialized>
         <run_address>0x2738</run_address>
         <size>0x8</size>
         <input_file_ref idref="fl-82"/>
      </object_component>
      <object_component id="oc-a76">
         <name>.sysmem</name>
         <uninitialized>true</uninitialized>
         <run_address>0x2738</run_address>
         <size>0x0</size>
      </object_component>
      <object_component id="oc-369">
         <name>.stack</name>
         <uninitialized>true</uninitialized>
         <run_address>0x4360</run_address>
         <size>0x4</size>
         <input_file_ref idref="fl-5c"/>
      </object_component>
      <object_component id="oc-a75">
         <name>.stack</name>
         <uninitialized>true</uninitialized>
         <run_address>0x4360</run_address>
         <size>0x0</size>
      </object_component>
      <object_component id="oc-67c">
         <name>.text:pow</name>
         <load_address>0x10000</load_address>
         <run_address>0x10000</run_address>
         <size>0x1148</size>
         <input_file_ref idref="fl-28"/>
      </object_component>
      <object_component id="oc-7e8">
         <name>.text:__TI_frcdivd</name>
         <load_address>0x11148</load_address>
         <run_address>0x11148</run_address>
         <size>0x466</size>
         <input_file_ref idref="fl-71"/>
      </object_component>
      <object_component id="oc-483">
         <name>.text:active_monitor</name>
         <load_address>0x115ae</load_address>
         <run_address>0x115ae</run_address>
         <size>0x39a</size>
         <input_file_ref idref="fl-4"/>
      </object_component>
      <object_component id="oc-85c">
         <name>.text:__mspabi_divull</name>
         <load_address>0x11948</load_address>
         <run_address>0x11948</run_address>
         <size>0x34e</size>
         <input_file_ref idref="fl-63"/>
      </object_component>
      <object_component id="oc-712">
         <name>.text:__mspabi_addd</name>
         <load_address>0x11c96</load_address>
         <run_address>0x11c96</run_address>
         <size>0x2e0</size>
         <input_file_ref idref="fl-68"/>
      </object_component>
      <object_component id="oc-72d">
         <name>.text:sqrt</name>
         <load_address>0x11f76</load_address>
         <run_address>0x11f76</run_address>
         <size>0x2de</size>
         <input_file_ref idref="fl-29"/>
      </object_component>
      <object_component id="oc-5be">
         <name>.text:__TI_printfi</name>
         <load_address>0x12254</load_address>
         <run_address>0x12254</run_address>
         <size>0x2a6</size>
         <input_file_ref idref="fl-2c"/>
      </object_component>
      <object_component id="oc-75b">
         <name>.text:__TI_frcmpyd</name>
         <load_address>0x124fa</load_address>
         <run_address>0x124fa</run_address>
         <size>0x280</size>
         <input_file_ref idref="fl-94"/>
      </object_component>
      <object_component id="oc-645">
         <name>.text:_setfield</name>
         <load_address>0x1277a</load_address>
         <run_address>0x1277a</run_address>
         <size>0x27a</size>
         <input_file_ref idref="fl-2c"/>
      </object_component>
      <object_component id="oc-6da">
         <name>.text:_pproc_fgea</name>
         <load_address>0x129f4</load_address>
         <run_address>0x129f4</run_address>
         <size>0x268</size>
         <input_file_ref idref="fl-2c"/>
      </object_component>
      <object_component id="oc-682">
         <name>.text:__mspabi_mpyd</name>
         <load_address>0x12c5c</load_address>
         <run_address>0x12c5c</run_address>
         <size>0x266</size>
         <input_file_ref idref="fl-72"/>
      </object_component>
      <object_component id="oc-7dd">
         <name>.text:__TI_frcaddd</name>
         <load_address>0x12ec2</load_address>
         <run_address>0x12ec2</run_address>
         <size>0x248</size>
         <input_file_ref idref="fl-70"/>
      </object_component>
      <object_component id="oc-89c">
         <name>.text:acvt</name>
         <load_address>0x1310a</load_address>
         <run_address>0x1310a</run_address>
         <size>0x224</size>
         <input_file_ref idref="fl-2c"/>
      </object_component>
      <object_component id="oc-727">
         <name>.text:__mspabi_divd</name>
         <load_address>0x1332e</load_address>
         <run_address>0x1332e</run_address>
         <size>0x222</size>
         <input_file_ref idref="fl-6b"/>
      </object_component>
      <object_component id="oc-793">
         <name>.text:_getarg_diouxp</name>
         <load_address>0x13550</load_address>
         <run_address>0x13550</run_address>
         <size>0x20c</size>
         <input_file_ref idref="fl-2c"/>
      </object_component>
      <object_component id="oc-875">
         <name>.text:ecvt</name>
         <load_address>0x1375c</load_address>
         <run_address>0x1375c</run_address>
         <size>0x1e6</size>
         <input_file_ref idref="fl-2c"/>
      </object_component>
      <object_component id="oc-888">
         <name>.text:fcvt</name>
         <load_address>0x13942</load_address>
         <run_address>0x13942</run_address>
         <size>0x1c8</size>
         <input_file_ref idref="fl-2c"/>
      </object_component>
      <object_component id="oc-7b7">
         <name>.text:_pconv_e</name>
         <load_address>0x13b0a</load_address>
         <run_address>0x13b0a</run_address>
         <size>0x1a2</size>
         <input_file_ref idref="fl-2c"/>
      </object_component>
      <object_component id="oc-7bd">
         <name>.text:_pconv_a</name>
         <load_address>0x13cac</load_address>
         <run_address>0x13cac</run_address>
         <size>0x170</size>
         <input_file_ref idref="fl-2c"/>
      </object_component>
      <object_component id="oc-74e">
         <name>.text:scalbn</name>
         <load_address>0x13e1c</load_address>
         <run_address>0x13e1c</run_address>
         <size>0x15a</size>
         <input_file_ref idref="fl-2a"/>
      </object_component>
      <object_component id="oc-6d4">
         <name>.text:_pproc_diouxp</name>
         <load_address>0x13f76</load_address>
         <run_address>0x13f76</run_address>
         <size>0x148</size>
         <input_file_ref idref="fl-2c"/>
      </object_component>
      <object_component id="oc-4e9">
         <name>.text:thresholding</name>
         <load_address>0x140be</load_address>
         <run_address>0x140be</run_address>
         <size>0x146</size>
         <input_file_ref idref="fl-4"/>
      </object_component>
      <object_component id="oc-583">
         <name>.text</name>
         <load_address>0x14204</load_address>
         <run_address>0x14204</run_address>
         <size>0x132</size>
         <input_file_ref idref="fl-38"/>
      </object_component>
      <object_component id="oc-799">
         <name>.text:_ltostr</name>
         <load_address>0x14336</load_address>
         <run_address>0x14336</run_address>
         <size>0x128</size>
         <input_file_ref idref="fl-2c"/>
      </object_component>
      <object_component id="oc-8dd">
         <name>.text:aligned_alloc</name>
         <load_address>0x1445e</load_address>
         <run_address>0x1445e</run_address>
         <size>0x11e</size>
         <input_file_ref idref="fl-82"/>
      </object_component>
      <object_component id="oc-7ab">
         <name>.text:_pconv_g</name>
         <load_address>0x1457c</load_address>
         <run_address>0x1457c</run_address>
         <size>0xfc</size>
         <input_file_ref idref="fl-2c"/>
      </object_component>
      <object_component id="oc-62b">
         <name>.text:fputs</name>
         <load_address>0x14678</load_address>
         <run_address>0x14678</run_address>
         <size>0xf0</size>
         <input_file_ref idref="fl-2f"/>
      </object_component>
      <object_component id="oc-63f">
         <name>.text:_pproc_fwp</name>
         <load_address>0x14768</load_address>
         <run_address>0x14768</run_address>
         <size>0xea</size>
         <input_file_ref idref="fl-2c"/>
      </object_component>
      <object_component id="oc-823">
         <name>.text:free</name>
         <load_address>0x14852</load_address>
         <run_address>0x14852</run_address>
         <size>0xe2</size>
         <input_file_ref idref="fl-82"/>
      </object_component>
      <object_component id="oc-775">
         <name>.text:setvbuf</name>
         <load_address>0x14934</load_address>
         <run_address>0x14934</run_address>
         <size>0xde</size>
         <input_file_ref idref="fl-31"/>
      </object_component>
      <object_component id="oc-748">
         <name>.text:__mspabi_cmpd</name>
         <load_address>0x14a12</load_address>
         <run_address>0x14a12</run_address>
         <size>0xd8</size>
         <input_file_ref idref="fl-69"/>
      </object_component>
      <object_component id="oc-651">
         <name>.text:_pproc_wstr</name>
         <load_address>0x14aea</load_address>
         <run_address>0x14aea</run_address>
         <size>0xc8</size>
         <input_file_ref idref="fl-2c"/>
      </object_component>
      <object_component id="oc-53f">
         <name>.text</name>
         <load_address>0x14bb2</load_address>
         <run_address>0x14bb2</run_address>
         <size>0xb8</size>
         <input_file_ref idref="fl-3c"/>
      </object_component>
      <object_component id="oc-8b0">
         <name>.text:__TI_renormd</name>
         <load_address>0x14c6a</load_address>
         <run_address>0x14c6a</run_address>
         <size>0xb2</size>
         <input_file_ref idref="fl-74"/>
      </object_component>
      <object_component id="oc-5d7">
         <name>.text:ftoa</name>
         <load_address>0x14d1c</load_address>
         <run_address>0x14d1c</run_address>
         <size>0xa8</size>
         <input_file_ref idref="fl-2"/>
      </object_component>
      <object_component id="oc-64b">
         <name>.text:_pproc_str</name>
         <load_address>0x14dc4</load_address>
         <run_address>0x14dc4</run_address>
         <size>0xa6</size>
         <input_file_ref idref="fl-2c"/>
      </object_component>
      <object_component id="oc-896">
         <name>.text:frexp</name>
         <load_address>0x14e6a</load_address>
         <run_address>0x14e6a</run_address>
         <size>0xa6</size>
         <input_file_ref idref="fl-8d"/>
      </object_component>
      <object_component id="oc-70b">
         <name>.text:__mspabi_fltlid</name>
         <load_address>0x14f10</load_address>
         <run_address>0x14f10</run_address>
         <size>0x9e</size>
         <input_file_ref idref="fl-6f"/>
      </object_component>
      <object_component id="oc-908">
         <name>.text:HOSTlseek</name>
         <load_address>0x14fae</load_address>
         <run_address>0x14fae</run_address>
         <size>0x9a</size>
         <input_file_ref idref="fl-96"/>
      </object_component>
      <object_component id="oc-87b">
         <name>.text:_ecpy</name>
         <load_address>0x15048</load_address>
         <run_address>0x15048</run_address>
         <size>0x90</size>
         <input_file_ref idref="fl-2c"/>
      </object_component>
      <object_component id="oc-881">
         <name>.text:_mcpy</name>
         <load_address>0x150d8</load_address>
         <run_address>0x150d8</run_address>
         <size>0x90</size>
         <input_file_ref idref="fl-2c"/>
      </object_component>
      <object_component id="oc-632">
         <name>.text:fputc</name>
         <load_address>0x15168</load_address>
         <run_address>0x15168</run_address>
         <size>0x90</size>
         <input_file_ref idref="fl-2e"/>
      </object_component>
      <object_component id="oc-535">
         <name>.text</name>
         <load_address>0x151f8</load_address>
         <run_address>0x151f8</run_address>
         <size>0x90</size>
         <input_file_ref idref="fl-3a"/>
      </object_component>
      <object_component id="oc-688">
         <name>.text:__mspabi_cvtdf</name>
         <load_address>0x15288</load_address>
         <run_address>0x15288</run_address>
         <size>0x8c</size>
         <input_file_ref idref="fl-76"/>
      </object_component>
      <object_component id="oc-937">
         <name>.text:__TI_ltoa</name>
         <load_address>0x15314</load_address>
         <run_address>0x15314</run_address>
         <size>0x80</size>
         <input_file_ref idref="fl-79"/>
      </object_component>
      <object_component id="oc-6a8">
         <name>.text:__TI_wrt_ok</name>
         <load_address>0x15394</load_address>
         <run_address>0x15394</run_address>
         <size>0x7e</size>
         <input_file_ref idref="fl-30"/>
      </object_component>
      <object_component id="oc-477">
         <name>.text:LCD_Init</name>
         <load_address>0x15412</load_address>
         <run_address>0x15412</run_address>
         <size>0x7a</size>
         <input_file_ref idref="fl-3"/>
      </object_component>
      <object_component id="oc-7b1">
         <name>.text:_pconv_f</name>
         <load_address>0x1548c</load_address>
         <run_address>0x1548c</run_address>
         <size>0x78</size>
         <input_file_ref idref="fl-2c"/>
      </object_component>
      <object_component id="oc-6b">
         <name>.text:decompress:lzss:__TI_decompress_lzss</name>
         <load_address>0x15504</load_address>
         <run_address>0x15504</run_address>
         <size>0x76</size>
         <input_file_ref idref="fl-67"/>
      </object_component>
      <object_component id="oc-914">
         <name>.text:HOSTrename</name>
         <load_address>0x1557a</load_address>
         <run_address>0x1557a</run_address>
         <size>0x74</size>
         <input_file_ref idref="fl-99"/>
      </object_component>
      <object_component id="oc-8e4">
         <name>.text:__TI_closefile</name>
         <load_address>0x155ee</load_address>
         <run_address>0x155ee</run_address>
         <size>0x74</size>
         <input_file_ref idref="fl-9f"/>
      </object_component>
      <object_component id="oc-968">
         <name>.text:split</name>
         <load_address>0x15662</load_address>
         <run_address>0x15662</run_address>
         <size>0x74</size>
         <input_file_ref idref="fl-82"/>
      </object_component>
      <object_component id="oc-8f0">
         <name>.text:HOSTopen</name>
         <load_address>0x156d6</load_address>
         <run_address>0x156d6</run_address>
         <size>0x70</size>
         <input_file_ref idref="fl-97"/>
      </object_component>
      <object_component id="oc-41a">
         <name>.text:main</name>
         <load_address>0x15746</load_address>
         <run_address>0x15746</run_address>
         <size>0x70</size>
         <input_file_ref idref="fl-4"/>
      </object_component>
      <object_component id="oc-670">
         <name>.text:intToStr</name>
         <load_address>0x157b6</load_address>
         <run_address>0x157b6</run_address>
         <size>0x6e</size>
         <input_file_ref idref="fl-2"/>
      </object_component>
      <object_component id="oc-902">
         <name>.text:HOSTwrite</name>
         <load_address>0x15824</load_address>
         <run_address>0x15824</run_address>
         <size>0x6c</size>
         <input_file_ref idref="fl-9b"/>
      </object_component>
      <object_component id="oc-8fc">
         <name>.text:HOSTread</name>
         <load_address>0x15890</load_address>
         <run_address>0x15890</run_address>
         <size>0x6a</size>
         <input_file_ref idref="fl-98"/>
      </object_component>
      <object_component id="oc-76f">
         <name>.text:fseek</name>
         <load_address>0x158fa</load_address>
         <run_address>0x158fa</run_address>
         <size>0x6a</size>
         <input_file_ref idref="fl-90"/>
      </object_component>
      <object_component id="oc-66b">
         <name>.text</name>
         <load_address>0x15964</load_address>
         <run_address>0x15964</run_address>
         <size>0x68</size>
         <input_file_ref idref="fl-3d"/>
      </object_component>
      <object_component id="oc-931">
         <name>.text:__mspabi_fixdli</name>
         <load_address>0x159cc</load_address>
         <run_address>0x159cc</run_address>
         <size>0x66</size>
         <input_file_ref idref="fl-6d"/>
      </object_component>
      <object_component id="oc-6b4">
         <name>.text:__TI_doflush</name>
         <load_address>0x15a32</load_address>
         <run_address>0x15a32</run_address>
         <size>0x64</size>
         <input_file_ref idref="fl-8e"/>
      </object_component>
      <object_component id="oc-51e">
         <name>.text:__mspabi_cvtfd</name>
         <load_address>0x15a96</load_address>
         <run_address>0x15a96</run_address>
         <size>0x64</size>
         <input_file_ref idref="fl-6a"/>
      </object_component>
      <object_component id="oc-6c6">
         <name>.text:atoi</name>
         <load_address>0x15afa</load_address>
         <run_address>0x15afa</run_address>
         <size>0x62</size>
         <input_file_ref idref="fl-7b"/>
      </object_component>
      <object_component id="oc-96f">
         <name>.text:close</name>
         <load_address>0x15b5c</load_address>
         <run_address>0x15b5c</run_address>
         <size>0x5a</size>
         <input_file_ref idref="fl-a4"/>
      </object_component>
      <object_component id="oc-9b6">
         <name>.text:getdevice</name>
         <load_address>0x15bb6</load_address>
         <run_address>0x15bb6</run_address>
         <size>0x5a</size>
         <input_file_ref idref="fl-a0"/>
      </object_component>
      <object_component id="oc-459">
         <name>.text:Clock_Init_1MHz</name>
         <load_address>0x15c10</load_address>
         <run_address>0x15c10</run_address>
         <size>0x58</size>
         <input_file_ref idref="fl-3"/>
      </object_component>
      <object_component id="oc-862">
         <name>.text</name>
         <load_address>0x15c68</load_address>
         <run_address>0x15c68</run_address>
         <size>0x58</size>
         <input_file_ref idref="fl-37"/>
      </object_component>
      <object_component id="oc-4ae">
         <name>.text:__TI_auto_init_nobinit_nopinit_hold_wdt:__TI_auto_init_nobinit_nopinit_hold_wdt</name>
         <load_address>0x15cc0</load_address>
         <run_address>0x15cc0</run_address>
         <size>0x54</size>
         <input_file_ref idref="fl-5d"/>
      </object_component>
      <object_component id="oc-512">
         <name>.text:int2strXX</name>
         <load_address>0x15d14</load_address>
         <run_address>0x15d14</run_address>
         <size>0x50</size>
         <input_file_ref idref="fl-2"/>
      </object_component>
      <object_component id="oc-8f6">
         <name>.text:HOSTclose</name>
         <load_address>0x15d64</load_address>
         <run_address>0x15d64</run_address>
         <size>0x4e</size>
         <input_file_ref idref="fl-95"/>
      </object_component>
      <object_component id="oc-88e">
         <name>.text:_fcpy</name>
         <load_address>0x15db2</load_address>
         <run_address>0x15db2</run_address>
         <size>0x4e</size>
         <input_file_ref idref="fl-2c"/>
      </object_component>
      <object_component id="oc-46b">
         <name>.text:SPI_Init</name>
         <load_address>0x15e00</load_address>
         <run_address>0x15e00</run_address>
         <size>0x4c</size>
         <input_file_ref idref="fl-3"/>
      </object_component>
      <object_component id="oc-53a">
         <name>.text</name>
         <load_address>0x15e4c</load_address>
         <run_address>0x15e4c</run_address>
         <size>0x4c</size>
         <input_file_ref idref="fl-3e"/>
      </object_component>
      <object_component id="oc-465">
         <name>.text:ADC12_0_Init</name>
         <load_address>0x15e98</load_address>
         <run_address>0x15e98</run_address>
         <size>0x4a</size>
         <input_file_ref idref="fl-5"/>
      </object_component>
      <object_component id="oc-490">
         <name>.text:exit</name>
         <load_address>0x15ee2</load_address>
         <run_address>0x15ee2</run_address>
         <size>0x4a</size>
         <input_file_ref idref="fl-77"/>
      </object_component>
      <object_component id="oc-518">
         <name>.text:printf</name>
         <load_address>0x15f2c</load_address>
         <run_address>0x15f2c</run_address>
         <size>0x4a</size>
         <input_file_ref idref="fl-2b"/>
      </object_component>
      <object_component id="oc-588">
         <name>.text</name>
         <load_address>0x15f76</load_address>
         <run_address>0x15f76</run_address>
         <size>0x4a</size>
         <input_file_ref idref="fl-39"/>
      </object_component>
      <object_component id="oc-471">
         <name>.text:RotEnc_Init</name>
         <load_address>0x15fc0</load_address>
         <run_address>0x15fc0</run_address>
         <size>0x48</size>
         <input_file_ref idref="fl-6"/>
      </object_component>
      <object_component id="oc-90e">
         <name>.text:HOSTunlink</name>
         <load_address>0x16008</load_address>
         <run_address>0x16008</run_address>
         <size>0x46</size>
         <input_file_ref idref="fl-9a"/>
      </object_component>
      <object_component id="oc-4f0">
         <name>.text:calcMean</name>
         <load_address>0x1604e</load_address>
         <run_address>0x1604e</run_address>
         <size>0x46</size>
         <input_file_ref idref="fl-4"/>
      </object_component>
      <object_component id="oc-593">
         <name>.text:sprintf</name>
         <load_address>0x16094</load_address>
         <run_address>0x16094</run_address>
         <size>0x44</size>
         <input_file_ref idref="fl-2d"/>
      </object_component>
      <object_component id="oc-59a">
         <name>.text:printc</name>
         <load_address>0x160d8</load_address>
         <run_address>0x160d8</run_address>
         <size>0x40</size>
         <input_file_ref idref="fl-3"/>
      </object_component>
      <object_component id="oc-704">
         <name>.text:reverse</name>
         <load_address>0x16118</load_address>
         <run_address>0x16118</run_address>
         <size>0x40</size>
         <input_file_ref idref="fl-2"/>
      </object_component>
      <object_component id="oc-9a0">
         <name>.text</name>
         <load_address>0x16158</load_address>
         <run_address>0x16158</run_address>
         <size>0x40</size>
         <input_file_ref idref="fl-91"/>
      </object_component>
      <object_component id="oc-5c6">
         <name>.text:l_asr_const</name>
         <load_address>0x16198</load_address>
         <run_address>0x16198</run_address>
         <size>0x3e</size>
         <input_file_ref idref="fl-34"/>
      </object_component>
      <object_component id="oc-768">
         <name>.text:l_lsl_const</name>
         <load_address>0x161d6</load_address>
         <run_address>0x161d6</run_address>
         <size>0x3e</size>
         <input_file_ref idref="fl-54"/>
      </object_component>
      <object_component id="oc-7d6">
         <name>.text:l_lsr_const</name>
         <load_address>0x16214</load_address>
         <run_address>0x16214</run_address>
         <size>0x3e</size>
         <input_file_ref idref="fl-55"/>
      </object_component>
      <object_component id="oc-81b">
         <name>.text:lseek</name>
         <load_address>0x16252</load_address>
         <run_address>0x16252</run_address>
         <size>0x3e</size>
         <input_file_ref idref="fl-9e"/>
      </object_component>
      <object_component id="oc-6ba">
         <name>.text:write</name>
         <load_address>0x16290</load_address>
         <run_address>0x16290</run_address>
         <size>0x3c</size>
         <input_file_ref idref="fl-8a"/>
      </object_component>
      <object_component id="oc-920">
         <name>.text:__mspabi_sllll</name>
         <load_address>0x162cc</load_address>
         <run_address>0x162cc</run_address>
         <size>0x3a</size>
         <input_file_ref idref="fl-93"/>
      </object_component>
      <object_component id="oc-867">
         <name>.text:__mspabi_srlll</name>
         <load_address>0x16306</load_address>
         <run_address>0x16306</run_address>
         <size>0x3a</size>
         <input_file_ref idref="fl-62"/>
      </object_component>
      <object_component id="oc-82f">
         <name>.text:__TI_cleanup</name>
         <load_address>0x16340</load_address>
         <run_address>0x16340</run_address>
         <size>0x36</size>
         <input_file_ref idref="fl-8f"/>
      </object_component>
      <object_component id="oc-983">
         <name>.text:__TI_writemsg</name>
         <load_address>0x16376</load_address>
         <run_address>0x16376</run_address>
         <size>0x36</size>
         <input_file_ref idref="fl-9c"/>
      </object_component>
      <object_component id="oc-4e2">
         <name>.text</name>
         <load_address>0x163ac</load_address>
         <run_address>0x163ac</run_address>
         <size>0x36</size>
         <input_file_ref idref="fl-3b"/>
      </object_component>
      <object_component id="oc-989">
         <name>.text:__TI_readmsg</name>
         <load_address>0x163e2</load_address>
         <run_address>0x163e2</run_address>
         <size>0x32</size>
         <input_file_ref idref="fl-9c"/>
      </object_component>
      <object_component id="oc-73c">
         <name>.text:__mspabi_subd</name>
         <load_address>0x16414</load_address>
         <run_address>0x16414</run_address>
         <size>0x32</size>
         <input_file_ref idref="fl-75"/>
      </object_component>
      <object_component id="oc-52b">
         <name>.text</name>
         <load_address>0x16446</load_address>
         <run_address>0x16446</run_address>
         <size>0x32</size>
         <input_file_ref idref="fl-3f"/>
      </object_component>
      <object_component id="oc-9db">
         <name>.text:strncpy</name>
         <load_address>0x16478</load_address>
         <run_address>0x16478</run_address>
         <size>0x32</size>
         <input_file_ref idref="fl-a2"/>
      </object_component>
      <object_component id="oc-4f7">
         <name>.text:memmove</name>
         <load_address>0x164aa</load_address>
         <run_address>0x164aa</run_address>
         <size>0x30</size>
         <input_file_ref idref="fl-81"/>
      </object_component>
      <object_component id="oc-4d4">
         <name>.text:sendByte</name>
         <load_address>0x164da</load_address>
         <run_address>0x164da</run_address>
         <size>0x30</size>
         <input_file_ref idref="fl-3"/>
      </object_component>
      <object_component id="oc-976">
         <name>.text:unlink</name>
         <load_address>0x1650a</load_address>
         <run_address>0x1650a</run_address>
         <size>0x30</size>
         <input_file_ref idref="fl-a5"/>
      </object_component>
      <object_component id="oc-733">
         <name>.text:__mspabi_negd</name>
         <load_address>0x1653a</load_address>
         <run_address>0x1653a</run_address>
         <size>0x2e</size>
         <input_file_ref idref="fl-73"/>
      </object_component>
      <object_component id="oc-7fb">
         <name>.text:copysign</name>
         <load_address>0x16568</load_address>
         <run_address>0x16568</run_address>
         <size>0x2e</size>
         <input_file_ref idref="fl-33"/>
      </object_component>
      <object_component id="oc-9e1">
         <name>.text:finddevice</name>
         <load_address>0x16596</load_address>
         <run_address>0x16596</run_address>
         <size>0x2e</size>
         <input_file_ref idref="fl-a0"/>
      </object_component>
      <object_component id="oc-8d6">
         <name>.text:free_list_insert</name>
         <load_address>0x165c4</load_address>
         <run_address>0x165c4</run_address>
         <size>0x2c</size>
         <input_file_ref idref="fl-82"/>
      </object_component>
      <object_component id="oc-6ff">
         <name>.text</name>
         <load_address>0x165f0</load_address>
         <run_address>0x165f0</run_address>
         <size>0x2c</size>
         <input_file_ref idref="fl-35"/>
      </object_component>
      <object_component id="oc-47d">
         <name>.text:clearLCD</name>
         <load_address>0x1661c</load_address>
         <run_address>0x1661c</run_address>
         <size>0x2a</size>
         <input_file_ref idref="fl-3"/>
      </object_component>
      <object_component id="oc-8d0">
         <name>.text:free_list_remove</name>
         <load_address>0x16646</load_address>
         <run_address>0x16646</run_address>
         <size>0x2a</size>
         <input_file_ref idref="fl-82"/>
      </object_component>
      <object_component id="oc-93d">
         <name>.text:__mspabi_fixdi</name>
         <load_address>0x16670</load_address>
         <run_address>0x16670</run_address>
         <size>0x28</size>
         <input_file_ref idref="fl-6c"/>
      </object_component>
      <object_component id="oc-6e0">
         <name>.text:memccpy</name>
         <load_address>0x16698</load_address>
         <run_address>0x16698</run_address>
         <size>0x26</size>
         <input_file_ref idref="fl-7e"/>
      </object_component>
      <object_component id="oc-3a5">
         <name>.text:decompress:ZI:__TI_zero_init_nomemset:__TI_zero_init_nomemset</name>
         <load_address>0x166be</load_address>
         <run_address>0x166be</run_address>
         <size>0x24</size>
         <input_file_ref idref="fl-5e"/>
      </object_component>
      <object_component id="oc-530">
         <name>.text</name>
         <load_address>0x166e2</load_address>
         <run_address>0x166e2</run_address>
         <size>0x24</size>
         <input_file_ref idref="fl-40"/>
      </object_component>
      <object_component id="oc-80f">
         <name>.text</name>
         <load_address>0x16706</load_address>
         <run_address>0x16706</run_address>
         <size>0x24</size>
         <input_file_ref idref="fl-59"/>
      </object_component>
      <object_component id="oc-60f">
         <name>.text:_outs</name>
         <load_address>0x1672a</load_address>
         <run_address>0x1672a</run_address>
         <size>0x20</size>
         <input_file_ref idref="fl-2d"/>
      </object_component>
      <object_component id="oc-505">
         <name>.text:int2str</name>
         <load_address>0x1674a</load_address>
         <run_address>0x1674a</run_address>
         <size>0x1e</size>
         <input_file_ref idref="fl-2"/>
      </object_component>
      <object_component id="oc-5a8">
         <name>.text:strcat</name>
         <load_address>0x16768</load_address>
         <run_address>0x16768</run_address>
         <size>0x1e</size>
         <input_file_ref idref="fl-84"/>
      </object_component>
      <object_component id="oc-4db">
         <name>.text:setCursor</name>
         <load_address>0x16786</load_address>
         <run_address>0x16786</run_address>
         <size>0x1c</size>
         <input_file_ref idref="fl-3"/>
      </object_component>
      <object_component id="oc-950">
         <name>.text:strchr</name>
         <load_address>0x167a2</load_address>
         <run_address>0x167a2</run_address>
         <size>0x1c</size>
         <input_file_ref idref="fl-85"/>
      </object_component>
      <object_component id="oc-9f6">
         <name>.text:strcmp</name>
         <load_address>0x167be</load_address>
         <run_address>0x167be</run_address>
         <size>0x1c</size>
         <input_file_ref idref="fl-a1"/>
      </object_component>
      <object_component id="oc-5ff">
         <name>.text</name>
         <load_address>0x167da</load_address>
         <run_address>0x167da</run_address>
         <size>0x18</size>
         <input_file_ref idref="fl-57"/>
      </object_component>
      <object_component id="oc-8ca">
         <name>.text:heap_start</name>
         <load_address>0x167f2</load_address>
         <run_address>0x167f2</run_address>
         <size>0x16</size>
         <input_file_ref idref="fl-82"/>
      </object_component>
      <object_component id="oc-6ae">
         <name>.text:memchr</name>
         <load_address>0x16808</load_address>
         <run_address>0x16808</run_address>
         <size>0x16</size>
         <input_file_ref idref="fl-7f"/>
      </object_component>
      <object_component id="oc-6cd">
         <name>.text:memset</name>
         <load_address>0x1681e</load_address>
         <run_address>0x1681e</run_address>
         <size>0x16</size>
         <input_file_ref idref="fl-83"/>
      </object_component>
      <object_component id="oc-50c">
         <name>.text:prints</name>
         <load_address>0x16834</load_address>
         <run_address>0x16834</run_address>
         <size>0x16</size>
         <input_file_ref idref="fl-3"/>
      </object_component>
      <object_component id="oc-7cf">
         <name>.text</name>
         <load_address>0x1684a</load_address>
         <run_address>0x1684a</run_address>
         <size>0x16</size>
         <input_file_ref idref="fl-36"/>
      </object_component>
      <object_component id="oc-6e8">
         <name>.text:wcslen</name>
         <load_address>0x16860</load_address>
         <run_address>0x16860</run_address>
         <size>0x16</size>
         <input_file_ref idref="fl-32"/>
      </object_component>
      <object_component id="oc-615">
         <name>.text:_outc</name>
         <load_address>0x16876</load_address>
         <run_address>0x16876</run_address>
         <size>0x14</size>
         <input_file_ref idref="fl-2d"/>
      </object_component>
      <object_component id="oc-37b">
         <name>.text:memcpy</name>
         <load_address>0x1688a</load_address>
         <run_address>0x1688a</run_address>
         <size>0x14</size>
         <input_file_ref idref="fl-80"/>
      </object_component>
      <object_component id="oc-45f">
         <name>.text:Timer0_A5_Init</name>
         <load_address>0x1689e</load_address>
         <run_address>0x1689e</run_address>
         <size>0x12</size>
         <input_file_ref idref="fl-7"/>
      </object_component>
      <object_component id="oc-71">
         <name>.text:decompress:none:__TI_decompress_none</name>
         <load_address>0x168b0</load_address>
         <run_address>0x168b0</run_address>
         <size>0x12</size>
         <input_file_ref idref="fl-66"/>
      </object_component>
      <object_component id="oc-524">
         <name>.text:startTimer0_A5</name>
         <load_address>0x168c2</load_address>
         <run_address>0x168c2</run_address>
         <size>0x12</size>
         <input_file_ref idref="fl-7"/>
      </object_component>
      <object_component id="oc-5a2">
         <name>.text:strcpy</name>
         <load_address>0x168d4</load_address>
         <run_address>0x168d4</run_address>
         <size>0x12</size>
         <input_file_ref idref="fl-86"/>
      </object_component>
      <object_component id="oc-7a5">
         <name>.text:toupper</name>
         <load_address>0x168e6</load_address>
         <run_address>0x168e6</run_address>
         <size>0x12</size>
         <input_file_ref idref="fl-88"/>
      </object_component>
      <object_component id="oc-718">
         <name>.text:l_asr</name>
         <load_address>0x168f8</load_address>
         <run_address>0x168f8</run_address>
         <size>0x10</size>
         <input_file_ref idref="fl-34"/>
      </object_component>
      <object_component id="oc-71d">
         <name>.text:l_lsl</name>
         <load_address>0x16908</load_address>
         <run_address>0x16908</run_address>
         <size>0x10</size>
         <input_file_ref idref="fl-54"/>
      </object_component>
      <object_component id="oc-722">
         <name>.text:l_lsr</name>
         <load_address>0x16918</load_address>
         <run_address>0x16918</run_address>
         <size>0x10</size>
         <input_file_ref idref="fl-55"/>
      </object_component>
      <object_component id="oc-400">
         <name>.text:stepCW</name>
         <load_address>0x16928</load_address>
         <run_address>0x16928</run_address>
         <size>0x10</size>
         <input_file_ref idref="fl-6"/>
      </object_component>
      <object_component id="oc-639">
         <name>.text:strlen</name>
         <load_address>0x16938</load_address>
         <run_address>0x16938</run_address>
         <size>0xe</size>
         <input_file_ref idref="fl-87"/>
      </object_component>
      <object_component id="oc-676">
         <name>.text:__mspabi_fltid</name>
         <load_address>0x16946</load_address>
         <run_address>0x16946</run_address>
         <size>0xc</size>
         <input_file_ref idref="fl-6e"/>
      </object_component>
      <object_component id="oc-944">
         <name>.text:abs</name>
         <load_address>0x16952</load_address>
         <run_address>0x16952</run_address>
         <size>0xa</size>
         <input_file_ref idref="fl-89"/>
      </object_component>
      <object_component id="oc-3fa">
         <name>.text:stepCCW</name>
         <load_address>0x1695c</load_address>
         <run_address>0x1695c</run_address>
         <size>0xa</size>
         <input_file_ref idref="fl-6"/>
      </object_component>
      <object_component id="oc-544">
         <name>.text:displayFlowRate</name>
         <load_address>0x16966</load_address>
         <run_address>0x16966</run_address>
         <size>0x8</size>
         <input_file_ref idref="fl-2"/>
      </object_component>
      <object_component id="oc-829">
         <name>.text:malloc</name>
         <load_address>0x1696e</load_address>
         <run_address>0x1696e</run_address>
         <size>0x8</size>
         <input_file_ref idref="fl-82"/>
      </object_component>
      <object_component id="oc-5b8">
         <name>.text:_outc</name>
         <load_address>0x16976</load_address>
         <run_address>0x16976</run_address>
         <size>0x6</size>
         <input_file_ref idref="fl-2b"/>
      </object_component>
      <object_component id="oc-48a">
         <name>.text:abort</name>
         <load_address>0x1697c</load_address>
         <run_address>0x1697c</run_address>
         <size>0x6</size>
         <input_file_ref idref="fl-77"/>
      </object_component>
      <object_component id="oc-4fd">
         <name>.text:stopTimer0_A5</name>
         <load_address>0x16982</load_address>
         <run_address>0x16982</run_address>
         <size>0x6</size>
         <input_file_ref idref="fl-7"/>
      </object_component>
      <object_component id="oc-5b2">
         <name>.text:_outs</name>
         <load_address>0x16988</load_address>
         <run_address>0x16988</run_address>
         <size>0x4</size>
         <input_file_ref idref="fl-2b"/>
      </object_component>
      <object_component id="oc-414">
         <name>.text:_system_pre_init</name>
         <load_address>0x1698c</load_address>
         <run_address>0x1698c</run_address>
         <size>0x4</size>
         <input_file_ref idref="fl-64"/>
      </object_component>
      <object_component id="oc-5e0">
         <name>.text:_nop</name>
         <load_address>0x16990</load_address>
         <run_address>0x16990</run_address>
         <size>0x2</size>
         <input_file_ref idref="fl-78"/>
      </object_component>
      <object_component id="oc-55d">
         <name>.text:_system_post_cinit</name>
         <load_address>0x16992</load_address>
         <run_address>0x16992</run_address>
         <size>0x2</size>
         <input_file_ref idref="fl-65"/>
      </object_component>
      <object_component id="oc-393">
         <name>.text:_isr:Port_1</name>
         <load_address>0x4400</load_address>
         <run_address>0x4400</run_address>
         <size>0x38</size>
         <input_file_ref idref="fl-6"/>
      </object_component>
      <object_component id="oc-38d">
         <name>.text:_isr:Port2_ISR</name>
         <load_address>0x4438</load_address>
         <run_address>0x4438</run_address>
         <size>0x1e</size>
         <input_file_ref idref="fl-6"/>
      </object_component>
      <object_component id="oc-3b7">
         <name>.text:_isr:_c_int00_noargs</name>
         <load_address>0x4456</load_address>
         <run_address>0x4456</run_address>
         <size>0x1c</size>
         <input_file_ref idref="fl-5c"/>
      </object_component>
      <object_component id="oc-39f">
         <name>.text:_isr:ADC12_ISR</name>
         <load_address>0x4472</load_address>
         <run_address>0x4472</run_address>
         <size>0x10</size>
         <input_file_ref idref="fl-5"/>
      </object_component>
      <object_component id="oc-399">
         <name>.text:_isr:Timer0_A0_ISR</name>
         <load_address>0x4482</load_address>
         <run_address>0x4482</run_address>
         <size>0xe</size>
         <input_file_ref idref="fl-7"/>
      </object_component>
      <object_component id="oc-388">
         <name>.text:_isr:__TI_ISR_TRAP</name>
         <load_address>0x4490</load_address>
         <run_address>0x4490</run_address>
         <size>0x8</size>
         <input_file_ref idref="fl-53"/>
      </object_component>
      <object_component id="oc-a74">
         <name>.cinit..data.load</name>
         <load_address>0x4818</load_address>
         <run_address>0x4818</run_address>
         <size>0x69</size>
      </object_component>
      <object_component id="oc-a71">
         <name>__TI_handler_table</name>
         <load_address>0x4882</load_address>
         <run_address>0x4882</run_address>
         <size>0xc</size>
      </object_component>
      <object_component id="oc-a73">
[...]
         <object_component_ref idref="oc-8b"/>
      </symbol>
      <symbol id="sm-958">
         <name>__TI_int62</name>
         <value>0xfffc</value>
         <object_component_ref idref="oc-8c"/>
      </symbol>
      <symbol id="sm-960">
         <name>__TI_ISR_TRAP</name>
         <value>0x4490</value>
         <object_component_ref idref="oc-388"/>
      </symbol>
      <symbol id="sm-970">
         <name>__mspabi_slll_9</name>
         <value>0x161ee</value>
         <object_component_ref idref="oc-768"/>
      </symbol>
      <symbol id="sm-971">
         <name>__mspabi_slll_8</name>
         <value>0x161f2</value>
         <object_component_ref idref="oc-768"/>
      </symbol>
      <symbol id="sm-972">
         <name>__mspabi_slll_7</name>
         <value>0x161f6</value>
         <object_component_ref idref="oc-768"/>
      </symbol>
      <symbol id="sm-973">
         <name>__mspabi_slll_6</name>
         <value>0x161fa</value>
         <object_component_ref idref="oc-768"/>
      </symbol>
      <symbol id="sm-974">
         <name>__mspabi_slll_5</name>
         <value>0x161fe</value>
         <object_component_ref idref="oc-768"/>
      </symbol>
      <symbol id="sm-975">
         <name>__mspabi_slll_4</name>
         <value>0x16202</value>
         <object_component_ref idref="oc-768"/>
      </symbol>
      <symbol id="sm-976">
         <name>__mspabi_slll_3</name>
         <value>0x16206</value>
         <object_component_ref idref="oc-768"/>
      </symbol>
      <symbol id="sm-977">
         <name>__mspabi_slll_2</name>
         <value>0x1620a</value>
         <object_component_ref idref="oc-768"/>
      </symbol>
      <symbol id="sm-978">
         <name>__mspabi_slll_1</name>
         <value>0x1620e</value>
         <object_component_ref idref="oc-768"/>
      </symbol>
      <symbol id="sm-979">
         <name>__mspabi_slll</name>
         <value>0x16908</value>
         <object_component_ref idref="oc-71d"/>
      </symbol>
      <symbol id="sm-97a">
         <name>__mspabi_slll_15</name>
         <value>0x161d6</value>
         <object_component_ref idref="oc-768"/>
      </symbol>
      <symbol id="sm-97b">
         <name>__mspabi_slll_14</name>
         <value>0x161da</value>
         <object_component_ref idref="oc-768"/>
      </symbol>
      <symbol id="sm-97c">
         <name>__mspabi_slll_13</name>
         <value>0x161de</value>
         <object_component_ref idref="oc-768"/>
      </symbol>
      <symbol id="sm-97d">
         <name>__mspabi_slll_12</name>
         <value>0x161e2</value>
         <object_component_ref idref="oc-768"/>
      </symbol>
      <symbol id="sm-97e">
         <name>__mspabi_slll_11</name>
         <value>0x161e6</value>
         <object_component_ref idref="oc-768"/>
      </symbol>
      <symbol id="sm-97f">
         <name>__mspabi_slll_10</name>
         <value>0x161ea</value>
         <object_component_ref idref="oc-768"/>
      </symbol>
      <symbol id="sm-98f">
         <name>__mspabi_srll_8</name>
         <value>0x16230</value>
         <object_component_ref idref="oc-7d6"/>
      </symbol>
      <symbol id="sm-990">
         <name>__mspabi_srll_9</name>
         <value>0x1622c</value>
         <object_component_ref idref="oc-7d6"/>
      </symbol>
      <symbol id="sm-991">
         <name>__mspabi_srll_6</name>
         <value>0x16238</value>
         <object_component_ref idref="oc-7d6"/>
      </symbol>
      <symbol id="sm-992">
         <name>__mspabi_srll_7</name>
         <value>0x16234</value>
         <object_component_ref idref="oc-7d6"/>
      </symbol>
      <symbol id="sm-993">
         <name>__mspabi_srll_4</name>
         <value>0x16240</value>
         <object_component_ref idref="oc-7d6"/>
      </symbol>
      <symbol id="sm-994">
         <name>__mspabi_srll_5</name>
         <value>0x1623c</value>
         <object_component_ref idref="oc-7d6"/>
      </symbol>
      <symbol id="sm-995">
         <name>__mspabi_srll_2</name>
         <value>0x16248</value>
         <object_component_ref idref="oc-7d6"/>
      </symbol>
      <symbol id="sm-996">
         <name>__mspabi_srll_3</name>
         <value>0x16244</value>
         <object_component_ref idref="oc-7d6"/>
      </symbol>
      <symbol id="sm-997">
         <name>__mspabi_srll_1</name>
         <value>0x1624c</value>
         <object_component_ref idref="oc-7d6"/>
      </symbol>
      <symbol id="sm-998">
         <name>__mspabi_srll_15</name>
         <value>0x16214</value>
         <object_component_ref idref="oc-7d6"/>
      </symbol>
      <symbol id="sm-999">
         <name>__mspabi_srll_14</name>
         <value>0x16218</value>
         <object_component_ref idref="oc-7d6"/>
      </symbol>
      <symbol id="sm-99a">
         <name>__mspabi_srll_13</name>
         <value>0x1621c</value>
         <object_component_ref idref="oc-7d6"/>
      </symbol>
      <symbol id="sm-99b">
         <name>__mspabi_srll_12</name>
         <value>0x16220</value>
         <object_component_ref idref="oc-7d6"/>
      </symbol>
      <symbol id="sm-99c">
         <name>__mspabi_srll_11</name>
         <value>0x16224</value>
         <object_component_ref idref="oc-7d6"/>
      </symbol>
      <symbol id="sm-99d">
         <name>__mspabi_srll_10</name>
         <value>0x16228</value>
         <object_component_ref idref="oc-7d6"/>
      </symbol>
      <symbol id="sm-99e">
         <name>__mspabi_srll</name>
         <value>0x16918</value>
         <object_component_ref idref="oc-722"/>
      </symbol>
      <symbol id="sm-9a7">
         <name>__mspabi_mpyi_f5hw</name>
         <value>0x167da</value>
         <object_component_ref idref="oc-5ff"/>
      </symbol>
      <symbol id="sm-9b0">
         <name>__mspabi_mpyl_f5hw</name>
         <value>0x16706</value>
         <object_component_ref idref="oc-80f"/>
      </symbol>
      <symbol id="sm-9c2">
         <name>_stack</name>
         <value>0x4360</value>
         <object_component_ref idref="oc-369"/>
      </symbol>
      <symbol id="sm-9c3">
         <name>_c_int00_noargs</name>
         <value>0x4456</value>
         <object_component_ref idref="oc-3b7"/>
      </symbol>
      <symbol id="sm-9c4">
         <name>_reset_vector</name>
         <value>0xfffe</value>
         <object_component_ref idref="oc-36c"/>
      </symbol>
      <symbol id="sm-9e7">
         <name>__TI_auto_init_nobinit_nopinit_hold_wdt</name>
         <value>0x15cc0</value>
         <object_component_ref idref="oc-4ae"/>
      </symbol>
      <symbol id="sm-9fa">
         <name>__TI_zero_init_nomemset</name>
         <value>0x166be</value>
         <object_component_ref idref="oc-3a5"/>
      </symbol>
      <symbol id="sm-a09">
         <name>__TI_dtors_ptr</name>
         <value>0x25be</value>
         <object_component_ref idref="oc-552"/>
      </symbol>
      <symbol id="sm-a0a">
         <name>__TI_cleanup_ptr</name>
         <value>0x25ba</value>
         <object_component_ref idref="oc-555"/>
      </symbol>
      <symbol id="sm-a19">
         <name>__mspabi_srlll</name>
         <value>0x16306</value>
         <object_component_ref idref="oc-867"/>
      </symbol>
      <symbol id="sm-a4c">
         <name>__mspabi_divull</name>
         <value>0x11948</value>
         <object_component_ref idref="oc-85c"/>
      </symbol>
      <symbol id="sm-a55">
         <name>_system_pre_init</name>
         <value>0x1698c</value>
         <object_component_ref idref="oc-414"/>
      </symbol>
      <symbol id="sm-a5e">
         <name>_system_post_cinit</name>
         <value>0x16992</value>
         <object_component_ref idref="oc-55d"/>
      </symbol>
      <symbol id="sm-a6f">
         <name>__TI_decompress_none</name>
         <value>0x168b0</value>
         <object_component_ref idref="oc-71"/>
      </symbol>
      <symbol id="sm-a92">
         <name>__TI_decompress_lzss</name>
         <value>0x15504</value>
         <object_component_ref idref="oc-6b"/>
      </symbol>
      <symbol id="sm-ab9">
         <name>__mspabi_addd</name>
         <value>0x11c96</value>
         <object_component_ref idref="oc-712"/>
      </symbol>
      <symbol id="sm-ad3">
         <name>__mspabi_cmpd</name>
         <value>0x14a12</value>
         <object_component_ref idref="oc-748"/>
      </symbol>
      <symbol id="sm-ae6">
         <name>__mspabi_cvtfd</name>
         <value>0x15a96</value>
         <object_component_ref idref="oc-51e"/>
      </symbol>
      <symbol id="sm-b07">
         <name>__mspabi_divd</name>
         <value>0x1332e</value>
         <object_component_ref idref="oc-727"/>
      </symbol>
      <symbol id="sm-b14">
         <name>__mspabi_fixdi</name>
         <value>0x16670</value>
         <object_component_ref idref="oc-93d"/>
      </symbol>
      <symbol id="sm-b23">
         <name>__mspabi_fixdli</name>
         <value>0x159cc</value>
         <object_component_ref idref="oc-931"/>
      </symbol>
      <symbol id="sm-b2c">
         <name>__mspabi_fltid</name>
         <value>0x16946</value>
         <object_component_ref idref="oc-676"/>
      </symbol>
      <symbol id="sm-b44">
         <name>__mspabi_fltlid</name>
         <value>0x14f10</value>
         <object_component_ref idref="oc-70b"/>
      </symbol>
      <symbol id="sm-b65">
         <name>__TI_frcaddd</name>
         <value>0x12ec2</value>
         <object_component_ref idref="oc-7dd"/>
      </symbol>
      <symbol id="sm-b80">
         <name>__TI_frcdivd</name>
         <value>0x11148</value>
         <object_component_ref idref="oc-7e8"/>
      </symbol>
      <symbol id="sm-ba1">
         <name>__mspabi_mpyd</name>
         <value>0x12c5c</value>
         <object_component_ref idref="oc-682"/>
      </symbol>
      <symbol id="sm-baa">
         <name>__mspabi_negd</name>
         <value>0x1653a</value>
         <object_component_ref idref="oc-733"/>
      </symbol>
      <symbol id="sm-bbe">
         <name>__TI_renormd</name>
         <value>0x14c6a</value>
         <object_component_ref idref="oc-8b0"/>
      </symbol>
      <symbol id="sm-bc7">
         <name>__mspabi_subd</name>
         <value>0x16414</value>
         <object_component_ref idref="oc-73c"/>
      </symbol>
      <symbol id="sm-bda">
         <name>__mspabi_cvtdf</name>
         <value>0x15288</value>
         <object_component_ref idref="oc-688"/>
      </symbol>
      <symbol id="sm-bf7">
         <name>C$$EXIT</name>
         <value>0x1697c</value>
         <object_component_ref idref="oc-48a"/>
      </symbol>
      <symbol id="sm-bf8">
         <name>abort</name>
         <value>0x1697c</value>
         <object_component_ref idref="oc-48a"/>
      </symbol>
      <symbol id="sm-bf9">
         <name>__TI_enable_exit_profile_output</name>
         <value>0x25ce</value>
         <object_component_ref idref="oc-54c"/>
      </symbol>
      <symbol id="sm-bfa">
         <name>exit</name>
         <value>0x15ee2</value>
         <object_component_ref idref="oc-490"/>
      </symbol>
      <symbol id="sm-c10">
         <name>_nop</name>
         <value>0x16990</value>
         <object_component_ref idref="oc-5e0"/>
      </symbol>
      <symbol id="sm-c11">
         <name>_lock</name>
         <value>0x25c2</value>
         <object_component_ref idref="oc-54f"/>
      </symbol>
      <symbol id="sm-c12">
         <name>_unlock</name>
         <value>0x25c6</value>
         <object_component_ref idref="oc-558"/>
      </symbol>
      <symbol id="sm-c21">
         <name>__TI_ltoa</name>
         <value>0x15314</value>
         <object_component_ref idref="oc-937"/>
      </symbol>
      <symbol id="sm-c35">
         <name>atoi</name>
         <value>0x15afa</value>
         <object_component_ref idref="oc-6c6"/>
      </symbol>
      <symbol id="sm-c3f">
         <name>_ctypes_</name>
         <value>0x4678</value>
         <object_component_ref idref="oc-78c"/>
      </symbol>
      <symbol id="sm-c4f">
         <name>__TI_tmpnams</name>
         <value>0x25d2</value>
      </symbol>
      <symbol id="sm-c50">
         <name>_ftable</name>
         <value>0x2400</value>
         <object_component_ref idref="oc-5af"/>
      </symbol>
      <symbol id="sm-c51">
         <name>__TI_ft_end</name>
         <value>0x25ca</value>
         <object_component_ref idref="oc-8ea"/>
      </symbol>
      <symbol id="sm-c60">
         <name>memccpy</name>
         <value>0x16698</value>
         <object_component_ref idref="oc-6e0"/>
      </symbol>
      <symbol id="sm-c6f">
         <name>memchr</name>
         <value>0x16808</value>
         <object_component_ref idref="oc-6ae"/>
      </symbol>
      <symbol id="sm-c7d">
         <name>memcpy</name>
         <value>0x1688a</value>
         <object_component_ref idref="oc-37b"/>
      </symbol>
      <symbol id="sm-c8d">
         <name>memmove</name>
         <value>0x164aa</value>
         <object_component_ref idref="oc-4f7"/>
      </symbol>
      <symbol id="sm-d12">
         <name>_sys_memory</name>
         <value>0x2738</value>
         <object_component_ref idref="oc-36d"/>
      </symbol>
      <symbol id="sm-d13">
         <name>free</name>
         <value>0x14852</value>
         <object_component_ref idref="oc-823"/>
      </symbol>
      <symbol id="sm-d14">
         <name>memalign</name>
         <value>0x1445e</value>
         <object_component_ref idref="oc-8dd"/>
      </symbol>
      <symbol id="sm-d15">
         <name>malloc</name>
         <value>0x1696e</value>
         <object_component_ref idref="oc-829"/>
      </symbol>
      <symbol id="sm-d16">
         <name>aligned_alloc</name>
         <value>0x1445e</value>
         <object_component_ref idref="oc-8dd"/>
      </symbol>
      <symbol id="sm-d24">
         <name>memset</name>
         <value>0x1681e</value>
         <object_component_ref idref="oc-6cd"/>
      </symbol>
      <symbol id="sm-d33">
         <name>strcat</name>
         <value>0x16768</value>
         <object_component_ref idref="oc-5a8"/>
      </symbol>
      <symbol id="sm-d42">
         <name>strchr</name>
         <value>0x167a2</value>
         <object_component_ref idref="oc-950"/>
      </symbol>
      <symbol id="sm-d4f">
         <name>strcpy</name>
         <value>0x168d4</value>
         <object_component_ref idref="oc-5a2"/>
      </symbol>
      <symbol id="sm-d5c">
         <name>strlen</name>
         <value>0x16938</value>
         <object_component_ref idref="oc-639"/>
      </symbol>
      <symbol id="sm-d69">
         <name>toupper</name>
         <value>0x168e6</value>
         <object_component_ref idref="oc-7a5"/>
      </symbol>
      <symbol id="sm-d73">
         <name>abs</name>
         <value>0x16952</value>
         <object_component_ref idref="oc-944"/>
      </symbol>
      <symbol id="sm-d8b">
         <name>write</name>
         <value>0x16290</value>
         <object_component_ref idref="oc-6ba"/>
      </symbol>
      <symbol id="sm-d9a">
         <name>_stream</name>
         <value>0x257e</value>
         <object_component_ref idref="oc-781"/>
      </symbol>
      <symbol id="sm-d9b">
         <name>_device</name>
         <value>0x24c8</value>
         <object_component_ref idref="oc-842"/>
      </symbol>
      <symbol id="sm-da2">
         <name>errno</name>
         <value>0x25cc</value>
         <object_component_ref idref="oc-6ee"/>
      </symbol>
      <symbol id="sm-db4">
         <name>frexpl</name>
         <value>0x14e6a</value>
         <object_component_ref idref="oc-896"/>
      </symbol>
      <symbol id="sm-db5">
         <name>frexp</name>
         <value>0x14e6a</value>
         <object_component_ref idref="oc-896"/>
      </symbol>
      <symbol id="sm-dc6">
         <name>__TI_doflush</name>
         <value>0x15a32</value>
         <object_component_ref idref="oc-6b4"/>
      </symbol>
      <symbol id="sm-dd2">
         <name>__TI_cleanup</name>
         <value>0x16340</value>
         <object_component_ref idref="oc-82f"/>
      </symbol>
      <symbol id="sm-de2">
         <name>fseek</name>
         <value>0x158fa</value>
         <object_component_ref idref="oc-76f"/>
      </symbol>
      <symbol id="sm-dee">
         <name>__mspabi_remli</name>
         <value>0x16158</value>
         <object_component_ref idref="oc-9a0"/>
      </symbol>
      <symbol id="sm-def">
         <name>__mspabi_divli</name>
         <value>0x16158</value>
         <object_component_ref idref="oc-9a0"/>
      </symbol>
      <symbol id="sm-dfd">
         <name>__mspabi_sllll</name>
         <value>0x162cc</value>
         <object_component_ref idref="oc-920"/>
      </symbol>
      <symbol id="sm-e0d">
         <name>__TI_frcmpyd</name>
         <value>0x124fa</value>
         <object_component_ref idref="oc-75b"/>
      </symbol>
      <symbol id="sm-e19">
         <name>HOSTclose</name>
         <value>0x15d64</value>
         <object_component_ref idref="oc-8f6"/>
      </symbol>
      <symbol id="sm-e25">
         <name>HOSTlseek</name>
         <value>0x14fae</value>
         <object_component_ref idref="oc-908"/>
      </symbol>
      <symbol id="sm-e33">
         <name>parmbuf</name>
         <value>0x271e</value>
      </symbol>
      <symbol id="sm-e34">
         <name>HOSTopen</name>
         <value>0x156d6</value>
         <object_component_ref idref="oc-8f0"/>
      </symbol>
      <symbol id="sm-e41">
         <name>HOSTread</name>
         <value>0x15890</value>
         <object_component_ref idref="oc-8fc"/>
      </symbol>
      <symbol id="sm-e4d">
         <name>HOSTrename</name>
         <value>0x1557a</value>
         <object_component_ref idref="oc-914"/>
      </symbol>
      <symbol id="sm-e59">
         <name>HOSTunlink</name>
         <value>0x16008</value>
         <object_component_ref idref="oc-90e"/>
      </symbol>
      <symbol id="sm-e66">
         <name>HOSTwrite</name>
         <value>0x15824</value>
         <object_component_ref idref="oc-902"/>
      </symbol>
      <symbol id="sm-e84">
         <name>__TI_readmsg</name>
         <value>0x163e2</value>
         <object_component_ref idref="oc-989"/>
      </symbol>
      <symbol id="sm-e85">
         <name>C$$IO$$</name>
         <value>0x163a8</value>
         <object_component_ref idref="oc-983"/>
      </symbol>
      <symbol id="sm-e86">
         <name>_CIOBUF_</name>
         <value>0x2878</value>
         <object_component_ref idref="oc-9c2"/>
      </symbol>
      <symbol id="sm-e87">
         <name>__TI_writemsg</name>
         <value>0x16376</value>
         <object_component_ref idref="oc-983"/>
      </symbol>
      <symbol id="sm-e96">
         <name>lseek</name>
         <value>0x16252</value>
         <object_component_ref idref="oc-81b"/>
      </symbol>
      <symbol id="sm-ea7">
         <name>__TI_closefile</name>
         <value>0x155ee</value>
         <object_component_ref idref="oc-8e4"/>
      </symbol>
      <symbol id="sm-ec6">
         <name>finddevice</name>
         <value>0x16596</value>
         <object_component_ref idref="oc-9e1"/>
      </symbol>
      <symbol id="sm-ec7">
         <name>getdevice</name>
         <value>0x15bb6</value>
         <object_component_ref idref="oc-9b6"/>
      </symbol>
      <symbol id="sm-ed5">
         <name>strcmp</name>
         <value>0x167be</value>
         <object_component_ref idref="oc-9f6"/>
      </symbol>
      <symbol id="sm-ee5">
         <name>strncpy</name>
         <value>0x16478</value>
         <object_component_ref idref="oc-9db"/>
      </symbol>
      <symbol id="sm-ef8">
         <name>close</name>
         <value>0x15b5c</value>
         <object_component_ref idref="oc-96f"/>
      </symbol>
      <symbol id="sm-f04">
         <name>unlink</name>
         <value>0x1650a</value>
         <object_component_ref idref="oc-976"/>
      </symbol>
      <symbol id="sm-f06">
         <name>remove</name>
         <value>0x1650a</value>
      </symbol>
   </symbol_table>
   <title>Link successful</title>
</link_info>
